Component: ARM Compiler 5.06 update 5 (build 528) Tool: armlink [4d35e2]

==============================================================================

Section Cross References

    glcd_spi_lpc1700.o(i.GLCD_Bargraph) refers to glcd_spi_lpc1700.o(i.GLCD_SetWindow) for GLCD_SetWindow
    glcd_spi_lpc1700.o(i.GLCD_Bargraph) refers to glcd_spi_lpc1700.o(i.wr_cmd) for wr_cmd
    glcd_spi_lpc1700.o(i.GLCD_Bargraph) refers to glcd_spi_lpc1700.o(i.wr_dat_start) for wr_dat_start
    glcd_spi_lpc1700.o(i.GLCD_Bargraph) refers to glcd_spi_lpc1700.o(i.wr_dat_only) for wr_dat_only
    glcd_spi_lpc1700.o(i.GLCD_Bargraph) refers to glcd_spi_lpc1700.o(i.wr_dat_stop) for wr_dat_stop
    glcd_spi_lpc1700.o(i.GLCD_Bargraph) refers to glcd_spi_lpc1700.o(.data) for Color
    glcd_spi_lpc1700.o(i.GLCD_Bitmap) refers to glcd_spi_lpc1700.o(i.GLCD_SetWindow) for GLCD_SetWindow
    glcd_spi_lpc1700.o(i.GLCD_Bitmap) refers to glcd_spi_lpc1700.o(i.wr_cmd) for wr_cmd
    glcd_spi_lpc1700.o(i.GLCD_Bitmap) refers to glcd_spi_lpc1700.o(i.wr_dat_start) for wr_dat_start
    glcd_spi_lpc1700.o(i.GLCD_Bitmap) refers to glcd_spi_lpc1700.o(i.wr_dat_only) for wr_dat_only
    glcd_spi_lpc1700.o(i.GLCD_Bitmap) refers to glcd_spi_lpc1700.o(i.wr_dat_stop) for wr_dat_stop
    glcd_spi_lpc1700.o(i.GLCD_Clear) refers to glcd_spi_lpc1700.o(i.GLCD_WindowMax) for GLCD_WindowMax
    glcd_spi_lpc1700.o(i.GLCD_Clear) refers to glcd_spi_lpc1700.o(i.wr_cmd) for wr_cmd
    glcd_spi_lpc1700.o(i.GLCD_Clear) refers to glcd_spi_lpc1700.o(i.wr_dat_start) for wr_dat_start
    glcd_spi_lpc1700.o(i.GLCD_Clear) refers to glcd_spi_lpc1700.o(i.wr_dat_only) for wr_dat_only
    glcd_spi_lpc1700.o(i.GLCD_Clear) refers to glcd_spi_lpc1700.o(i.wr_dat_stop) for wr_dat_stop
    glcd_spi_lpc1700.o(i.GLCD_ClearLn) refers to glcd_spi_lpc1700.o(i.GLCD_WindowMax) for GLCD_WindowMax
    glcd_spi_lpc1700.o(i.GLCD_ClearLn) refers to glcd_spi_lpc1700.o(i.GLCD_DisplayString) for GLCD_DisplayString
    glcd_spi_lpc1700.o(i.GLCD_DisplayChar) refers to glcd_spi_lpc1700.o(i.GLCD_DrawChar) for GLCD_DrawChar
    glcd_spi_lpc1700.o(i.GLCD_DisplayChar) refers to glcd_spi_lpc1700.o(.constdata) for Font_6x8_h
    glcd_spi_lpc1700.o(i.GLCD_DisplayString) refers to glcd_spi_lpc1700.o(i.GLCD_DisplayChar) for GLCD_DisplayChar
    glcd_spi_lpc1700.o(i.GLCD_DrawChar) refers to glcd_spi_lpc1700.o(i.GLCD_SetWindow) for GLCD_SetWindow
    glcd_spi_lpc1700.o(i.GLCD_DrawChar) refers to glcd_spi_lpc1700.o(i.wr_cmd) for wr_cmd
    glcd_spi_lpc1700.o(i.GLCD_DrawChar) refers to glcd_spi_lpc1700.o(i.wr_dat_start) for wr_dat_start
    glcd_spi_lpc1700.o(i.GLCD_DrawChar) refers to glcd_spi_lpc1700.o(i.wr_dat_only) for wr_dat_only
    glcd_spi_lpc1700.o(i.GLCD_DrawChar) refers to glcd_spi_lpc1700.o(i.wr_dat_stop) for wr_dat_stop
    glcd_spi_lpc1700.o(i.GLCD_DrawChar) refers to glcd_spi_lpc1700.o(.data) for Color
    glcd_spi_lpc1700.o(i.GLCD_Init) refers to glcd_spi_lpc1700.o(i.rd_id_man) for rd_id_man
    glcd_spi_lpc1700.o(i.GLCD_Init) refers to glcd_spi_lpc1700.o(i.rd_reg) for rd_reg
    glcd_spi_lpc1700.o(i.GLCD_Init) refers to glcd_spi_lpc1700.o(i.wr_reg) for wr_reg
    glcd_spi_lpc1700.o(i.GLCD_Init) refers to glcd_spi_lpc1700.o(i.delay) for delay
    glcd_spi_lpc1700.o(i.GLCD_Init) refers to glcd_spi_lpc1700.o(.data) for Himax
    glcd_spi_lpc1700.o(i.GLCD_PutPixel) refers to glcd_spi_lpc1700.o(i.wr_reg) for wr_reg
    glcd_spi_lpc1700.o(i.GLCD_PutPixel) refers to glcd_spi_lpc1700.o(i.wr_cmd) for wr_cmd
    glcd_spi_lpc1700.o(i.GLCD_PutPixel) refers to glcd_spi_lpc1700.o(i.wr_dat) for wr_dat
    glcd_spi_lpc1700.o(i.GLCD_PutPixel) refers to glcd_spi_lpc1700.o(.data) for Himax
    glcd_spi_lpc1700.o(i.GLCD_SetBackColor) refers to glcd_spi_lpc1700.o(.data) for Color
    glcd_spi_lpc1700.o(i.GLCD_SetTextColor) refers to glcd_spi_lpc1700.o(.data) for Color
    glcd_spi_lpc1700.o(i.GLCD_SetWindow) refers to glcd_spi_lpc1700.o(i.wr_reg) for wr_reg
    glcd_spi_lpc1700.o(i.GLCD_SetWindow) refers to glcd_spi_lpc1700.o(.data) for Himax
    glcd_spi_lpc1700.o(i.GLCD_WindowMax) refers to glcd_spi_lpc1700.o(i.GLCD_SetWindow) for GLCD_SetWindow
    glcd_spi_lpc1700.o(i.GLCD_WrCmd) refers to glcd_spi_lpc1700.o(i.wr_cmd) for wr_cmd
    glcd_spi_lpc1700.o(i.GLCD_WrReg) refers to glcd_spi_lpc1700.o(i.wr_reg) for wr_reg
    glcd_spi_lpc1700.o(i.rd_id_man) refers to glcd_spi_lpc1700.o(i.spi_tran_man) for spi_tran_man
    glcd_spi_lpc1700.o(i.rd_reg) refers to glcd_spi_lpc1700.o(i.wr_cmd) for wr_cmd
    glcd_spi_lpc1700.o(i.rd_reg) refers to glcd_spi_lpc1700.o(i.spi_tran) for spi_tran
    glcd_spi_lpc1700.o(i.spi_tran_man) refers to glcd_spi_lpc1700.o(i.delay) for delay
    glcd_spi_lpc1700.o(i.wr_cmd) refers to glcd_spi_lpc1700.o(i.spi_tran) for spi_tran
    glcd_spi_lpc1700.o(i.wr_dat) refers to glcd_spi_lpc1700.o(i.spi_tran) for spi_tran
    glcd_spi_lpc1700.o(i.wr_dat_only) refers to glcd_spi_lpc1700.o(i.spi_tran) for spi_tran
[...]
    .text                                    0x000006fc   Section        0  rand.o(.text)
    .text                                    0x00000720   Section        0  memcpya.o(.text)
    .text                                    0x00000744   Section        0  memseta.o(.text)
    .text                                    0x00000768   Section        0  uidiv.o(.text)
    .text                                    0x00000794   Section       36  init.o(.text)
    .text                                    0x000007b8   Section        0  __dczerorl.o(.text)
    i.CreateMutex                            0x000007f4   Section        0  main.o(i.CreateMutex)
    i.EvrRtxMemoryBlockAlloc                 0x0000080c   Section        0  rtx_evr.o(i.EvrRtxMemoryBlockAlloc)
    i.EvrRtxMemoryBlockFree                  0x0000080e   Section        0  rtx_evr.o(i.EvrRtxMemoryBlockFree)
    i.EvrRtxMemoryBlockInit                  0x00000810   Section        0  rtx_evr.o(i.EvrRtxMemoryBlockInit)
    i.EvrRtxMemoryFree                       0x00000812   Section        0  rtx_evr.o(i.EvrRtxMemoryFree)
    i.EvrRtxMemoryInit                       0x00000814   Section        0  rtx_evr.o(i.EvrRtxMemoryInit)
    i.EvrRtxMemoryPoolAllocTimeout           0x00000816   Section        0  rtx_evr.o(i.EvrRtxMemoryPoolAllocTimeout)
    i.EvrRtxMessageQueueCreated              0x00000818   Section        0  rtx_evr.o(i.EvrRtxMessageQueueCreated)
    i.EvrRtxMessageQueueError                0x0000081a   Section        0  rtx_evr.o(i.EvrRtxMessageQueueError)
    i.EvrRtxMessageQueueGet                  0x0000081c   Section        0  rtx_evr.o(i.EvrRtxMessageQueueGet)
    i.EvrRtxMessageQueueGetPending           0x0000081e   Section        0  rtx_evr.o(i.EvrRtxMessageQueueGetPending)
    i.EvrRtxMessageQueueGetTimeout           0x00000820   Section        0  rtx_evr.o(i.EvrRtxMessageQueueGetTimeout)
    i.EvrRtxMessageQueueInsertPending        0x00000822   Section        0  rtx_evr.o(i.EvrRtxMessageQueueInsertPending)
    i.EvrRtxMessageQueueInserted             0x00000824   Section        0  rtx_evr.o(i.EvrRtxMessageQueueInserted)
    i.EvrRtxMessageQueueNew                  0x00000826   Section        0  rtx_evr.o(i.EvrRtxMessageQueueNew)
    i.EvrRtxMessageQueueNotInserted          0x00000828   Section        0  rtx_evr.o(i.EvrRtxMessageQueueNotInserted)
    i.EvrRtxMessageQueueNotRetrieved         0x0000082a   Section        0  rtx_evr.o(i.EvrRtxMessageQueueNotRetrieved)
    i.EvrRtxMessageQueuePut                  0x0000082c   Section        0  rtx_evr.o(i.EvrRtxMessageQueuePut)
    i.EvrRtxMessageQueuePutPending           0x0000082e   Section        0  rtx_evr.o(i.EvrRtxMessageQueuePutPending)
    i.EvrRtxMessageQueuePutTimeout           0x00000830   Section        0  rtx_evr.o(i.EvrRtxMessageQueuePutTimeout)
    i.EvrRtxMessageQueueRetrieved            0x00000832   Section        0  rtx_evr.o(i.EvrRtxMessageQueueRetrieved)
    i.EvrRtxMutexAcquire                     0x00000834   Section        0  rtx_evr.o(i.EvrRtxMutexAcquire)
    i.EvrRtxMutexAcquirePending              0x00000836   Section        0  rtx_evr.o(i.EvrRtxMutexAcquirePending)
    i.EvrRtxMutexAcquireTimeout              0x00000838   Section        0  rtx_evr.o(i.EvrRtxMutexAcquireTimeout)
    i.EvrRtxMutexAcquired                    0x0000083a   Section        0  rtx_evr.o(i.EvrRtxMutexAcquired)
    i.EvrRtxMutexCreated                     0x0000083c   Section        0  rtx_evr.o(i.EvrRtxMutexCreated)
    i.EvrRtxMutexError                       0x0000083e   Section        0  rtx_evr.o(i.EvrRtxMutexError)
    i.EvrRtxMutexNew                         0x00000840   Section        0  rtx_evr.o(i.EvrRtxMutexNew)
    i.EvrRtxMutexNotAcquired                 0x00000842   Section        0  rtx_evr.o(i.EvrRtxMutexNotAcquired)
    i.EvrRtxMutexRelease                     0x00000844   Section        0  rtx_evr.o(i.EvrRtxMutexRelease)
    i.EvrRtxMutexReleased                    0x00000846   Section        0  rtx_evr.o(i.EvrRtxMutexReleased)
    i.EvrRtxSemaphoreAcquireTimeout          0x00000848   Section        0  rtx_evr.o(i.EvrRtxSemaphoreAcquireTimeout)
    i.EvrRtxThreadBlocked                    0x0000084a   Section        0  rtx_evr.o(i.EvrRtxThreadBlocked)
    i.EvrRtxThreadCreated                    0x0000084c   Section        0  rtx_evr.o(i.EvrRtxThreadCreated)
    i.EvrRtxThreadDelay                      0x0000084e   Section        0  rtx_evr.o(i.EvrRtxThreadDelay)
    i.EvrRtxThreadDelayCompleted             0x00000850   Section        0  rtx_evr.o(i.EvrRtxThreadDelayCompleted)
    i.EvrRtxThreadDestroyed                  0x00000852   Section        0  rtx_evr.o(i.EvrRtxThreadDestroyed)
    i.EvrRtxThreadError                      0x00000854   Section        0  rtx_evr.o(i.EvrRtxThreadError)
    i.EvrRtxThreadExit                       0x00000856   Section        0  rtx_evr.o(i.EvrRtxThreadExit)
    i.EvrRtxThreadFlagsWaitCompleted         0x00000858   Section        0  rtx_evr.o(i.EvrRtxThreadFlagsWaitCompleted)
    i.EvrRtxThreadFlagsWaitTimeout           0x0000085a   Section        0  rtx_evr.o(i.EvrRtxThreadFlagsWaitTimeout)
    i.EvrRtxThreadJoined                     0x0000085c   Section        0  rtx_evr.o(i.EvrRtxThreadJoined)
    i.EvrRtxThreadNew                        0x0000085e   Section        0  rtx_evr.o(i.EvrRtxThreadNew)
    i.EvrRtxThreadPreempted                  0x00000860   Section        0  rtx_evr.o(i.EvrRtxThreadPreempted)
    i.EvrRtxThreadSwitched                   0x00000862   Section        0  rtx_evr.o(i.EvrRtxThreadSwitched)
    i.EvrRtxThreadUnblocked                  0x00000864   Section        0  rtx_evr.o(i.EvrRtxThreadUnblocked)
    i.EvrRtxTimerCallback                    0x00000866   Section        0  rtx_evr.o(i.EvrRtxTimerCallback)
    i.GLCD_Clear                             0x00000868   Section        0  glcd_spi_lpc1700.o(i.GLCD_Clear)
    i.GLCD_DisplayChar                       0x00000894   Section        0  glcd_spi_lpc1700.o(i.GLCD_DisplayChar)
    i.GLCD_DisplayString                     0x000008f0   Section        0  glcd_spi_lpc1700.o(i.GLCD_DisplayString)
    i.GLCD_DrawChar                          0x00000918   Section        0  glcd_spi_lpc1700.o(i.GLCD_DrawChar)
    i.GLCD_Init                              0x000009b4   Section        0  glcd_spi_lpc1700.o(i.GLCD_Init)
    i.GLCD_SetBackColor                      0x00000f9c   Section        0  glcd_spi_lpc1700.o(i.GLCD_SetBackColor)
    i.GLCD_SetTextColor                      0x00000fa8   Section        0  glcd_spi_lpc1700.o(i.GLCD_SetTextColor)
    i.GLCD_SetWindow                         0x00000fb4   Section        0  glcd_spi_lpc1700.o(i.GLCD_SetWindow)
    i.GLCD_WindowMax                         0x00001060   Section        0  glcd_spi_lpc1700.o(i.GLCD_WindowMax)
    i.IsIrqMasked                            0x00001072   Section        0  rtx_delay.o(i.IsIrqMasked)
    IsIrqMasked                              0x00001073   Thumb Code    24  rtx_delay.o(i.IsIrqMasked)
    i.IsIrqMasked                            0x0000108a   Section        0  rtx_kernel.o(i.IsIrqMasked)
    IsIrqMasked                              0x0000108b   Thumb Code    24  rtx_kernel.o(i.IsIrqMasked)
    i.IsIrqMasked                            0x000010a2   Section        0  rtx_msgqueue.o(i.IsIrqMasked)
    IsIrqMasked                              0x000010a3   Thumb Code    24  rtx_msgqueue.o(i.IsIrqMasked)
    i.IsIrqMasked                            0x000010ba   Section        0  rtx_mutex.o(i.IsIrqMasked)
    IsIrqMasked                              0x000010bb   Thumb Code    24  rtx_mutex.o(i.IsIrqMasked)
    i.IsIrqMasked                            0x000010d2   Section        0  rtx_thread.o(i.IsIrqMasked)
    IsIrqMasked                              0x000010d3   Thumb Code    24  rtx_thread.o(i.IsIrqMasked)
    i.IsIrqMode                              0x000010ea   Section        0  rtx_delay.o(i.IsIrqMode)
    IsIrqMode                                0x000010eb   Thumb Code    16  rtx_delay.o(i.IsIrqMode)
    i.IsIrqMode                              0x000010fa   Section        0  rtx_kernel.o(i.IsIrqMode)
    IsIrqMode                                0x000010fb   Thumb Code    16  rtx_kernel.o(i.IsIrqMode)
    i.IsIrqMode                              0x0000110a   Section        0  rtx_msgqueue.o(i.IsIrqMode)
    IsIrqMode                                0x0000110b   Thumb Code    16  rtx_msgqueue.o(i.IsIrqMode)
    i.IsIrqMode                              0x0000111a   Section        0  rtx_mutex.o(i.IsIrqMode)
    IsIrqMode                                0x0000111b   Thumb Code    16  rtx_mutex.o(i.IsIrqMode)
    i.IsIrqMode                              0x0000112a   Section        0  rtx_thread.o(i.IsIrqMode)
    IsIrqMode                                0x0000112b   Thumb Code    16  rtx_thread.o(i.IsIrqMode)
    i.MemBlockPtr                            0x0000113a   Section        0  rtx_memory.o(i.MemBlockPtr)
    MemBlockPtr                              0x0000113b   Thumb Code    10  rtx_memory.o(i.MemBlockPtr)
    i.MessageQueueGet                        0x00001144   Section        0  rtx_msgqueue.o(i.MessageQueueGet)
    MessageQueueGet                          0x00001145   Thumb Code    52  rtx_msgqueue.o(i.MessageQueueGet)
    i.MessageQueuePut                        0x00001178   Section        0  rtx_msgqueue.o(i.MessageQueuePut)
    MessageQueuePut                          0x00001179   Thumb Code    76  rtx_msgqueue.o(i.MessageQueuePut)
    i.MessageQueueRemove                     0x000011c4   Section        0  rtx_msgqueue.o(i.MessageQueueRemove)
    MessageQueueRemove                       0x000011c5   Thumb Code    34  rtx_msgqueue.o(i.MessageQueueRemove)
    i.OS_Tick_AcknowledgeIRQ                 0x000011e6   Section        0  os_systick.o(i.OS_Tick_AcknowledgeIRQ)
    i.OS_Tick_Enable                         0x000011f0   Section        0  os_systick.o(i.OS_Tick_Enable)
    i.OS_Tick_GetIRQn                        0x00001220   Section        0  os_systick.o(i.OS_Tick_GetIRQn)
    i.OS_Tick_Setup                          0x00001228   Section        0  os_systick.o(i.OS_Tick_Setup)
    i.SystemInit                             0x00001278   Section        0  system_lpc17xx.o(i.SystemInit)
    i.ThreadFlagsCheck                       0x000013b8   Section        0  rtx_thread.o(i.ThreadFlagsCheck)
    ThreadFlagsCheck                         0x000013b9   Thumb Code    86  rtx_thread.o(i.ThreadFlagsCheck)
    i.TimerInsert                            0x00001410   Section        0  rtx_timer.o(i.TimerInsert)
    TimerInsert                              0x00001411   Thumb Code    58  rtx_timer.o(i.TimerInsert)
    i.TimerUnlink                            0x00001450   Section        0  rtx_timer.o(i.TimerUnlink)
    TimerUnlink                              0x00001451   Thumb Code    18  rtx_timer.o(i.TimerUnlink)
    i.UART0_IRQHandler                       0x00001468   Section        0  uart.o(i.UART0_IRQHandler)
    i.UART1_IRQHandler                       0x000014d0   Section        0  uart.o(i.UART1_IRQHandler)
    i.__0sprintf$3                           0x00001540   Section        0  printf3.o(i.__0sprintf$3)
    i.__scatterload_copy                     0x00001568   Section       14  handlers.o(i.__scatterload_copy)
    i.__scatterload_null                     0x00001576   Section        2  handlers.o(i.__scatterload_null)
    i.__scatterload_zeroinit                 0x00001578   Section       14  handlers.o(i.__scatterload_zeroinit)
    i._printf_core                           0x00001588   Section        0  printf3.o(i._printf_core)
    _printf_core                             0x00001589   Thumb Code   436  printf3.o(i._printf_core)
    i._sputc                                 0x00001740   Section        0  printf3.o(i._sputc)
    _sputc                                   0x00001741   Thumb Code    10  printf3.o(i._sputc)
    i.collision                              0x0000174c   Section        0  main.o(i.collision)
    i.delay                                  0x00001874   Section        0  glcd_spi_lpc1700.o(i.delay)
    delay                                    0x00001875   Thumb Code    14  glcd_spi_lpc1700.o(i.delay)
    i.init                                   0x00001884   Section        0  main.o(i.init)
    i.isrRtxMessageQueueGet                  0x00001990   Section        0  rtx_msgqueue.o(i.isrRtxMessageQueueGet)
    isrRtxMessageQueueGet                    0x00001991   Thumb Code   150  rtx_msgqueue.o(i.isrRtxMessageQueueGet)
    i.isrRtxMessageQueuePut                  0x00001a26   Section        0  rtx_msgqueue.o(i.isrRtxMessageQueuePut)
    isrRtxMessageQueuePut                    0x00001a27   Thumb Code   158  rtx_msgqueue.o(i.isrRtxMessageQueuePut)
    i.isr_queue_get                          0x00001ac4   Section        0  rtx_system.o(i.isr_queue_get)
    isr_queue_get                            0x00001ac5   Thumb Code    46  rtx_system.o(i.isr_queue_get)
    i.isr_queue_put                          0x00001af8   Section        0  rtx_system.o(i.isr_queue_put)
    isr_queue_put                            0x00001af9   Thumb Code    56  rtx_system.o(i.isr_queue_put)
    i.joystick                               0x00001b34   Section        0  main.o(i.joystick)
    i.main                                   0x00001b9c   Section        0  main.o(i.main)
    i.obstacle_env                           0x00001bf8   Section        0  main.o(i.obstacle_env)
    i.osDelay                                0x00001d9c   Section        0  rtx_delay.o(i.osDelay)
    i.osKernelGetTickFreq                    0x00001dd8   Section        0  rtx_kernel.o(i.osKernelGetTickFreq)
    i.osKernelInitialize                     0x00001e04   Section        0  rtx_kernel.o(i.osKernelInitialize)
    i.osKernelStart                          0x00001e38   Section        0  rtx_kernel.o(i.osKernelStart)
    i.osMessageQueueGet                      0x00001e6c   Section        0  rtx_msgqueue.o(i.osMessageQueueGet)
    i.osMessageQueueNew                      0x00001ec0   Section        0  rtx_msgqueue.o(i.osMessageQueueNew)
    i.osMessageQueuePut                      0x00001f0c   Section        0  rtx_msgqueue.o(i.osMessageQueuePut)
    i.osMutexAcquire                         0x00001f60   Section        0  rtx_mutex.o(i.osMutexAcquire)
    i.osMutexNew                             0x00001fa4   Section        0  rtx_mutex.o(i.osMutexNew)
    i.osMutexRelease                         0x00001fe0   Section        0  rtx_mutex.o(i.osMutexRelease)
    i.osRtxErrorNotify                       0x0000201c   Section        0  rtx_config.o(i.osRtxErrorNotify)
    i.osRtxIdleThread                        0x0000203c   Section        0  rtx_config.o(i.osRtxIdleThread)
    i.osRtxKernelGetState                    0x00002040   Section        0  rtx_thread.o(i.osRtxKernelGetState)
    osRtxKernelGetState                      0x00002041   Thumb Code     6  rtx_thread.o(i.osRtxKernelGetState)
    i.osRtxMemoryAlloc                       0x0000204c   Section        0  rtx_memory.o(i.osRtxMemoryAlloc)
    i.osRtxMemoryFree                        0x0000213a   Section        0  rtx_memory.o(i.osRtxMemoryFree)
    i.osRtxMemoryInit                        0x000021b6   Section        0  rtx_memory.o(i.osRtxMemoryInit)
    i.osRtxMemoryPoolAlloc                   0x00002220   Section        0  rtx_mempool.o(i.osRtxMemoryPoolAlloc)
    i.osRtxMemoryPoolFree                    0x0000225a   Section        0  rtx_mempool.o(i.osRtxMemoryPoolFree)
    i.osRtxMemoryPoolInit                    0x000022a8   Section        0  rtx_mempool.o(i.osRtxMemoryPoolInit)
    i.osRtxMessageQueuePostProcess           0x00002300   Section        0  rtx_msgqueue.o(i.osRtxMessageQueuePostProcess)
    osRtxMessageQueuePostProcess             0x00002301   Thumb Code   296  rtx_msgqueue.o(i.osRtxMessageQueuePostProcess)
    i.osRtxMutexOwnerRelease                 0x00002428   Section        0  rtx_mutex.o(i.osRtxMutexOwnerRelease)
    i.osRtxPendSV_Handler                    0x00002488   Section        0  rtx_system.o(i.osRtxPendSV_Handler)
    i.osRtxPostProcess                       0x0000250c   Section        0  rtx_system.o(i.osRtxPostProcess)
    i.osRtxThreadBlock                       0x00002548   Section        0  rtx_thread.o(i.osRtxThreadBlock)
    osRtxThreadBlock                         0x00002549   Thumb Code    58  rtx_thread.o(i.osRtxThreadBlock)
    i.osRtxThreadDelayInsert                 0x00002588   Section        0  rtx_thread.o(i.osRtxThreadDelayInsert)
    osRtxThreadDelayInsert                   0x00002589   Thumb Code    98  rtx_thread.o(i.osRtxThreadDelayInsert)
    i.osRtxThreadDelayRemove                 0x000025f0   Section        0  rtx_thread.o(i.osRtxThreadDelayRemove)
    osRtxThreadDelayRemove                   0x000025f1   Thumb Code   110  rtx_thread.o(i.osRtxThreadDelayRemove)
    i.osRtxThreadDelayTick                   0x00002664   Section        0  rtx_thread.o(i.osRtxThreadDelayTick)
    i.osRtxThreadDispatch                    0x00002740   Section        0  rtx_thread.o(i.osRtxThreadDispatch)
    i.osRtxThreadFree                        0x000027b0   Section        0  rtx_thread.o(i.osRtxThreadFree)
    osRtxThreadFree                          0x000027b1   Thumb Code    92  rtx_thread.o(i.osRtxThreadFree)
    i.osRtxThreadGetRunning                  0x00002810   Section        0  rtx_thread.o(i.osRtxThreadGetRunning)
    osRtxThreadGetRunning                    0x00002811   Thumb Code     6  rtx_thread.o(i.osRtxThreadGetRunning)
    i.osRtxThreadListGet                     0x0000281c   Section        0  rtx_thread.o(i.osRtxThreadListGet)
    i.osRtxThreadListPut                     0x00002838   Section        0  rtx_thread.o(i.osRtxThreadListPut)
    i.osRtxThreadListRemove                  0x0000286a   Section        0  rtx_thread.o(i.osRtxThreadListRemove)
    i.osRtxThreadListRoot                    0x00002884   Section        0  rtx_thread.o(i.osRtxThreadListRoot)
    osRtxThreadListRoot                      0x00002885   Thumb Code    18  rtx_thread.o(i.osRtxThreadListRoot)
    i.osRtxThreadListSort                    0x00002896   Section        0  rtx_thread.o(i.osRtxThreadListSort)
    i.osRtxThreadPostProcess                 0x000028c0   Section        0  rtx_thread.o(i.osRtxThreadPostProcess)
    osRtxThreadPostProcess                   0x000028c1   Thumb Code    64  rtx_thread.o(i.osRtxThreadPostProcess)
    i.osRtxThreadReadyPut                    0x00002900   Section        0  rtx_thread.o(i.osRtxThreadReadyPut)
    i.osRtxThreadRegPtr                      0x00002918   Section        0  rtx_thread.o(i.osRtxThreadRegPtr)
    i.osRtxThreadSetRunning                  0x00002928   Section        0  rtx_thread.o(i.osRtxThreadSetRunning)
    osRtxThreadSetRunning                    0x00002929   Thumb Code     6  rtx_thread.o(i.osRtxThreadSetRunning)
    i.osRtxThreadStackCheck                  0x00002934   Section        0  rtx_thread.o(i.osRtxThreadStackCheck)
    i.osRtxThreadStartup                     0x00002960   Section        0  rtx_thread.o(i.osRtxThreadStartup)
    i.osRtxThreadSwitch                      0x000029c0   Section        0  rtx_thread.o(i.osRtxThreadSwitch)
    i.osRtxThreadWaitEnter                   0x000029dc   Section        0  rtx_thread.o(i.osRtxThreadWaitEnter)
    i.osRtxThreadWaitExit                    0x00002a30   Section        0  rtx_thread.o(i.osRtxThreadWaitExit)
    i.osRtxTick_Handler                      0x00002a68   Section        0  rtx_system.o(i.osRtxTick_Handler)
    i.osRtxTimerThread                       0x00002b08   Section        0  rtx_timer.o(i.osRtxTimerThread)
    i.osRtxTimerTick                         0x00002b60   Section        0  rtx_timer.o(i.osRtxTimerTick)
    osRtxTimerTick                           0x00002b61   Thumb Code    88  rtx_timer.o(i.osRtxTimerTick)
    i.osThreadExit                           0x00002bbc   Section        0  rtx_thread.o(i.osThreadExit)
    i.osThreadNew                            0x00002bdc   Section        0  rtx_thread.o(i.osThreadNew)
    i.potentiometer                          0x00002c28   Section        0  main.o(i.potentiometer)
    i.pushbutton                             0x00002d00   Section        0  main.o(i.pushbutton)
    i.rd_id_man                              0x00002d6c   Section        0  glcd_spi_lpc1700.o(i.rd_id_man)
    rd_id_man                                0x00002d6d   Thumb Code   132  glcd_spi_lpc1700.o(i.rd_id_man)
    i.rd_reg                                 0x00002df8   Section        0  glcd_spi_lpc1700.o(i.rd_reg)
    rd_reg                                   0x00002df9   Thumb Code    66  glcd_spi_lpc1700.o(i.rd_reg)
    i.spi_tran                               0x00002e40   Section        0  glcd_spi_lpc1700.o(i.spi_tran)
    spi_tran                                 0x00002e41   Thumb Code    28  glcd_spi_lpc1700.o(i.spi_tran)
    i.spi_tran_man                           0x00002e60   Section        0  glcd_spi_lpc1700.o(i.spi_tran_man)
    spi_tran_man                             0x00002e61   Thumb Code   124  glcd_spi_lpc1700.o(i.spi_tran_man)
    i.svcRtxDelay                            0x00002ee0   Section        0  rtx_delay.o(i.svcRtxDelay)
    svcRtxDelay                              0x00002ee1   Thumb Code    24  rtx_delay.o(i.svcRtxDelay)
    i.svcRtxKernelGetTickFreq                0x00002ef8   Section        0  rtx_kernel.o(i.svcRtxKernelGetTickFreq)
    svcRtxKernelGetTickFreq                  0x00002ef9   Thumb Code    16  rtx_kernel.o(i.svcRtxKernelGetTickFreq)
    i.svcRtxKernelInitialize                 0x00002f0c   Section        0  rtx_kernel.o(i.svcRtxKernelInitialize)
    svcRtxKernelInitialize                   0x00002f0d   Thumb Code   602  rtx_kernel.o(i.svcRtxKernelInitialize)
    i.svcRtxKernelStart                      0x00003170   Section        0  rtx_kernel.o(i.svcRtxKernelStart)
    svcRtxKernelStart                        0x00003171   Thumb Code   216  rtx_kernel.o(i.svcRtxKernelStart)
    i.svcRtxMessageQueueGet                  0x00003258   Section        0  rtx_msgqueue.o(i.svcRtxMessageQueueGet)
    svcRtxMessageQueueGet                    0x00003259   Thumb Code   340  rtx_msgqueue.o(i.svcRtxMessageQueueGet)
    i.svcRtxMessageQueueNew                  0x000033b0   Section        0  rtx_msgqueue.o(i.svcRtxMessageQueueNew)
    svcRtxMessageQueueNew                    0x000033b1   Thumb Code   400  rtx_msgqueue.o(i.svcRtxMessageQueueNew)
    i.svcRtxMessageQueuePut                  0x00003548   Section        0  rtx_msgqueue.o(i.svcRtxMessageQueuePut)
    svcRtxMessageQueuePut                    0x00003549   Thumb Code   316  rtx_msgqueue.o(i.svcRtxMessageQueuePut)
    i.svcRtxMutexAcquire                     0x00003688   Section        0  rtx_mutex.o(i.svcRtxMutexAcquire)
    svcRtxMutexAcquire                       0x00003689   Thumb Code   284  rtx_mutex.o(i.svcRtxMutexAcquire)
    i.svcRtxMutexNew                         0x000037a8   Section        0  rtx_mutex.o(i.svcRtxMutexNew)
    svcRtxMutexNew                           0x000037a9   Thumb Code   172  rtx_mutex.o(i.svcRtxMutexNew)
    i.svcRtxMutexRelease                     0x00003858   Section        0  rtx_mutex.o(i.svcRtxMutexRelease)
    svcRtxMutexRelease                       0x00003859   Thumb Code   280  rtx_mutex.o(i.svcRtxMutexRelease)
    i.svcRtxThreadExit                       0x00003974   Section        0  rtx_thread.o(i.svcRtxThreadExit)
    svcRtxThreadExit                         0x00003975   Thumb Code   142  rtx_thread.o(i.svcRtxThreadExit)
    i.svcRtxThreadNew                        0x00003a08   Section        0  rtx_thread.o(i.svcRtxThreadNew)
    svcRtxThreadNew                          0x00003a09   Thumb Code   608  rtx_thread.o(i.svcRtxThreadNew)
    i.wr_cmd                                 0x00003c7c   Section        0  glcd_spi_lpc1700.o(i.wr_cmd)
    wr_cmd                                   0x00003c7d   Thumb Code    36  glcd_spi_lpc1700.o(i.wr_cmd)
    i.wr_dat                                 0x00003ca4   Section        0  glcd_spi_lpc1700.o(i.wr_dat)
    wr_dat                                   0x00003ca5   Thumb Code    36  glcd_spi_lpc1700.o(i.wr_dat)
    i.wr_dat_only                            0x00003ccc   Section        0  glcd_spi_lpc1700.o(i.wr_dat_only)
    wr_dat_only                              0x00003ccd   Thumb Code    18  glcd_spi_lpc1700.o(i.wr_dat_only)
    i.wr_dat_start                           0x00003ce0   Section        0  glcd_spi_lpc1700.o(i.wr_dat_start)
    wr_dat_start                             0x00003ce1   Thumb Code    16  glcd_spi_lpc1700.o(i.wr_dat_start)
    i.wr_dat_stop                            0x00003cf4   Section        0  glcd_spi_lpc1700.o(i.wr_dat_stop)
    wr_dat_stop                              0x00003cf5   Thumb Code     8  glcd_spi_lpc1700.o(i.wr_dat_stop)
    i.wr_reg                                 0x00003d00   Section        0  glcd_spi_lpc1700.o(i.wr_reg)
    wr_reg                                   0x00003d01   Thumb Code    20  glcd_spi_lpc1700.o(i.wr_reg)
    .constdata                               0x00003d14   Section     6272  glcd_spi_lpc1700.o(.constdata)
    .constdata                               0x00005594   Section       16  main.o(.constdata)
    .constdata                               0x000055a4   Section      100  rtx_lib.o(.constdata)
    os_idle_thread_attr                      0x000055a4   Data          36  rtx_lib.o(.constdata)
    os_timer_thread_attr                     0x000055c8   Data          36  rtx_lib.o(.constdata)
    os_timer_mq_attr                         0x000055ec   Data          24  rtx_lib.o(.constdata)
    .conststring                             0x00005608   Section       14  main.o(.conststring)
    .conststrlit                             0x00005618   Section       11  rtx_kernel.o(.conststrlit)
    .rodata                                  0x00005624   Section      104  rtx_lib.o(.rodata)
    __tagsym$$used                           0x00005624   Number         0  rtx_lib.o(.rodata)
    .bss.os                                  0x10000000   Section     4160  rtx_lib.o(.bss.os)
    os_mem                                   0x10000000   Data        4096  rtx_lib.o(.bss.os)
    os_isr_queue                             0x10001000   Data          64  rtx_lib.o(.bss.os)
    .bss.os.msgqueue.cb                      0x10001040   Section       52  rtx_lib.o(.bss.os.msgqueue.cb)
    os_timer_mq_cb                           0x10001040   Data          52  rtx_lib.o(.bss.os.msgqueue.cb)
    .bss.os.msgqueue.mem                     0x10001074   Section       80  rtx_lib.o(.bss.os.msgqueue.mem)
    os_timer_mq_data                         0x10001074   Data          80  rtx_lib.o(.bss.os.msgqueue.mem)
    .bss.os.thread.cb                        0x100010c4   Section      136  rtx_lib.o(.bss.os.thread.cb)
    os_idle_thread_cb                        0x100010c4   Data          68  rtx_lib.o(.bss.os.thread.cb)
    os_timer_thread_cb                       0x10001108   Data          68  rtx_lib.o(.bss.os.thread.cb)
    .bss.os.thread.stack                     0x10001150   Section      512  rtx_lib.o(.bss.os.thread.stack)
    os_idle_thread_stack                     0x10001150   Data         256  rtx_lib.o(.bss.os.thread.stack)
    os_timer_thread_stack                    0x10001250   Data         256  rtx_lib.o(.bss.os.thread.stack)
    .data                                    0x10001350   Section        5  glcd_spi_lpc1700.o(.data)
    Color                                    0x10001350   Data           4  glcd_spi_lpc1700.o(.data)
    Himax                                    0x10001354   Data           1  glcd_spi_lpc1700.o(.data)
    .data                                    0x10001358   Section       32  uart.o(.data)
    .data                                    0x10001378   Section       40  main.o(.data)
    .data                                    0x100013a0   Section        1  os_systick.o(.data)
    PendST                                   0x100013a0   Data           1  os_systick.o(.data)
    .data                                    0x100013a4   Section        4  system_lpc17xx.o(.data)
    .data                                    0x100013a8   Section        4  rand.o(.data)
    _rand_state                              0x100013a8   Data           4  rand.o(.data)
    .data.os                                 0x100013ac   Section      164  rtx_kernel.o(.data.os)
    .bss                                     0x10001450   Section      128  uart.o(.bss)
    .bss                                     0x100014d0   Section      400  main.o(.bss)
    STACK                                    0x10001660   Section    16384  startup_lpc17xx.o(STACK)

    Global Symbols

    Symbol Name                              Value     Ov Type        Size  Object(Section)

    BuildAttributes$$THM_ISAv4$P$D$K$B$S$PE$A:L22UL41UL21$X:L11$S22US41US21$IEEE1$IW$USESV6$~STKCKD$USESV7$~SHL$OSPACE$ROPI$EBA8$MICROLIB$REQ8$PRES8$EABIv2 0x00000000   Number         0  anon$$obj.o ABSOLUTE
    __ARM_use_no_argv                        0x00000000   Number         0  main.o ABSOLUTE
    __Vectors                                0x00000000   Data           4  startup_lpc17xx.o(RESET)
    _printf_a                                0x00000000   Number         0  stubs.o ABSOLUTE
    _printf_c                                0x00000000   Number         0  stubs.o ABSOLUTE
    _printf_charcount                        0x00000000   Number         0  stubs.o ABSOLUTE
    _printf_d                                0x00000000   Number         0  stubs.o ABSOLUTE
    _printf_e                                0x00000000   Number         0  stubs.o ABSOLUTE
    _printf_f                                0x00000000   Number         0  stubs.o ABSOLUTE
    _printf_flags                            0x00000000   Number         0  stubs.o ABSOLUTE
    _printf_fp_dec                           0x00000000   Number         0  stubs.o ABSOLUTE
    _printf_fp_hex                           0x00000000   Number         0  stubs.o ABSOLUTE
    _printf_g                                0x00000000   Number         0  stubs.o ABSOLUTE
    _printf_i                                0x00000000   Number         0  stubs.o ABSOLUTE
    _printf_int_dec                          0x00000000   Number         0  stubs.o ABSOLUTE
    _printf_l                                0x00000000   Number         0  stubs.o ABSOLUTE
    _printf_lc                               0x00000000   Number         0  stubs.o ABSOLUTE
    _printf_ll                               0x00000000   Number         0  stubs.o ABSOLUTE
    _printf_lld                              0x00000000   Number         0  stubs.o ABSOLUTE
    _printf_lli                              0x00000000   Number         0  stubs.o ABSOLUTE
    _printf_llo                              0x00000000   Number         0  stubs.o ABSOLUTE
    _printf_llu                              0x00000000   Number         0  stubs.o ABSOLUTE
    _printf_llx                              0x00000000   Number         0  stubs.o ABSOLUTE
    _printf_longlong_dec                     0x00000000   Number         0  stubs.o ABSOLUTE
    _printf_longlong_hex                     0x00000000   Number         0  stubs.o ABSOLUTE
    _printf_longlong_oct                     0x00000000   Number         0  stubs.o ABSOLUTE
    _printf_ls                               0x00000000   Number         0  stubs.o ABSOLUTE
    _printf_mbtowc                           0x00000000   Number         0  stubs.o ABSOLUTE
    _printf_n                                0x00000000   Number         0  stubs.o ABSOLUTE
    _printf_o                                0x00000000   Number         0  stubs.o ABSOLUTE
    _printf_p                                0x00000000   Number         0  stubs.o ABSOLUTE
    _printf_percent                          0x00000000   Number         0  stubs.o ABSOLUTE
    _printf_pre_padding                      0x00000000   Number         0  stubs.o ABSOLUTE
    _printf_return_value                     0x00000000   Number         0  stubs.o ABSOLUTE
    _printf_s                                0x00000000   Number         0  stubs.o ABSOLUTE
    _printf_sizespec                         0x00000000   Number         0  stubs.o ABSOLUTE
    _printf_str                              0x00000000   Number         0  stubs.o ABSOLUTE
    _printf_truncate_signed                  0x00000000   Number         0  stubs.o ABSOLUTE
    _printf_truncate_unsigned                0x00000000   Number         0  stubs.o ABSOLUTE
    _printf_u                                0x00000000   Number         0  stubs.o ABSOLUTE
    _printf_wc                               0x00000000   Number         0  stubs.o ABSOLUTE
    _printf_wctomb                           0x00000000   Number         0  stubs.o ABSOLUTE
    _printf_widthprec                        0x00000000   Number         0  stubs.o ABSOLUTE
    _printf_x                                0x00000000   Number         0  stubs.o ABSOLUTE
    .bss.os.evflags.cb$$Base                  - Undefined Weak Reference
    .bss.os.evflags.cb$$Limit                 - Undefined Weak Reference
    .bss.os.mempool.cb$$Base                  - Undefined Weak Reference
    .bss.os.mempool.cb$$Limit                 - Undefined Weak Reference
    .bss.os.mutex.cb$$Base                    - Undefined Weak Reference
    .bss.os.mutex.cb$$Limit                   - Undefined Weak Reference
    .bss.os.semaphore.cb$$Base                - Undefined Weak Reference
    .bss.os.semaphore.cb$$Limit               - Undefined Weak Reference
    .bss.os.timer.cb$$Base                    - Undefined Weak Reference
    .bss.os.timer.cb$$Limit                   - Undefined Weak Reference
    __cpp_initialize__aeabi_                  - Undefined Weak Reference
    __cxa_finalize                            - Undefined Weak Reference
    _clock_init                               - Undefined Weak Reference
    _microlib_exit                            - Undefined Weak Reference
    __main                                   0x000000cd   Thumb Code     0  entry.o(.ARM.Collect$$$$00000000)
    _main_stk                                0x000000cd   Thumb Code     0  entry2.o(.ARM.Collect$$$$00000001)
    _main_scatterload                        0x000000d1   Thumb Code     0  entry5.o(.ARM.Collect$$$$00000004)
    __main_after_scatterload                 0x000000d5   Thumb Code     0  entry5.o(.ARM.Collect$$$$00000004)
    _main_clock                              0x000000d5   Thumb Code     0  entry7b.o(.ARM.Collect$$$$00000008)
    _main_cpp_init                           0x000000d5   Thumb Code     0  entry8b.o(.ARM.Collect$$$$0000000A)
    _main_init                               0x000000d5   Thumb Code     0  entry9a.o(.ARM.Collect$$$$0000000B)
    __rt_final_cpp                           0x000000dd   Thumb Code     0  entry10a.o(.ARM.Collect$$$$0000000D)
    __rt_final_exit                          0x000000dd   Thumb Code     0  entry11a.o(.ARM.Collect$$$$0000000F)
    __asm___13_rtx_mempool_c_7914b4c7__atomic_wr8 0x000000e1   Thumb Code    16  rtx_mempool.o(.emb_text)
    __asm___13_rtx_mempool_c_7914b4c7__atomic_set32 0x000000f1   Thumb Code    20  rtx_mempool.o(.emb_text)
    __asm___13_rtx_mempool_c_7914b4c7__atomic_clr32 0x00000105   Thumb Code    22  rtx_mempool.o(.emb_text)
    __asm___13_rtx_mempool_c_7914b4c7__atomic_chk32_all 0x0000011b   Thumb Code    38  rtx_mempool.o(.emb_text)
    __asm___13_rtx_mempool_c_7914b4c7__atomic_chk32_any 0x00000141   Thumb Code    34  rtx_mempool.o(.emb_text)
    __asm___13_rtx_mempool_c_7914b4c7__atomic_inc32 0x00000163   Thumb Code    18  rtx_mempool.o(.emb_text)
    __asm___13_rtx_mempool_c_7914b4c7__atomic_inc32_lt 0x00000175   Thumb Code    30  rtx_mempool.o(.emb_text)
    __asm___13_rtx_mempool_c_7914b4c7__atomic_inc16_lt 0x00000193   Thumb Code    30  rtx_mempool.o(.emb_text)
    __asm___13_rtx_mempool_c_7914b4c7__atomic_inc16_lim 0x000001b1   Thumb Code    26  rtx_mempool.o(.emb_text)
    __asm___13_rtx_mempool_c_7914b4c7__atomic_dec32_nz 0x000001cb   Thumb Code    26  rtx_mempool.o(.emb_text)
    __asm___13_rtx_mempool_c_7914b4c7__atomic_dec16_nz 0x000001e5   Thumb Code    26  rtx_mempool.o(.emb_text)
    __asm___13_rtx_mempool_c_7914b4c7__atomic_link_get 0x000001ff   Thumb Code    26  rtx_mempool.o(.emb_text)
    __asm___13_rtx_mempool_c_7914b4c7__atomic_link_put 0x00000219   Thumb Code    28  rtx_mempool.o(.emb_text)
    SVC_Handler                              0x00000235   Thumb Code   108  irq_cm3.o(.text)
    PendSV_Handler                           0x000002a1   Thumb Code    16  irq_cm3.o(.text)
    SysTick_Handler                          0x000002b1   Thumb Code    16  irq_cm3.o(.text)
    Reset_Handler                            0x000002c9   Thumb Code     8  startup_lpc17xx.o(.text)
    NMI_Handler                              0x000002d1   Thumb Code     2  startup_lpc17xx.o(.text)
    HardFault_Handler                        0x000002d3   Thumb Code     2  startup_lpc17xx.o(.text)
    MemManage_Handler                        0x000002d5   Thumb Code     2  startup_lpc17xx.o(.text)
    BusFault_Handler                         0x000002d7   Thumb Code     2  startup_lpc17xx.o(.text)
    UsageFault_Handler                       0x000002d9   Thumb Code     2  startup_lpc17xx.o(.text)
    DebugMon_Handler                         0x000002dd   Thumb Code     2  startup_lpc17xx.o(.text)
    ADC_IRQHandler                           0x000002e3   Thumb Code     0  startup_lpc17xx.o(.text)
    BOD_IRQHandler                           0x000002e3   Thumb Code     0  startup_lpc17xx.o(.text)
    CANActivity_IRQHandler                   0x000002e3   Thumb Code     0  startup_lpc17xx.o(.text)
    CAN_IRQHandler                           0x000002e3   Thumb Code     0  startup_lpc17xx.o(.text)
    DMA_IRQHandler                           0x000002e3   Thumb Code     0  startup_lpc17xx.o(.text)
    EINT0_IRQHandler                         0x000002e3   Thumb Code     0  startup_lpc17xx.o(.text)
    EINT1_IRQHandler                         0x000002e3   Thumb Code     0  startup_lpc17xx.o(.text)
    EINT2_IRQHandler                         0x000002e3   Thumb Code     0  startup_lpc17xx.o(.text)
    EINT3_IRQHandler                         0x000002e3   Thumb Code     0  startup_lpc17xx.o(.text)
    ENET_IRQHandler                          0x000002e3   Thumb Code     0  startup_lpc17xx.o(.text)
    I2C0_IRQHandler                          0x000002e3   Thumb Code     0  startup_lpc17xx.o(.text)
    I2C1_IRQHandler                          0x000002e3   Thumb Code     0  startup_lpc17xx.o(.text)
    I2C2_IRQHandler                          0x000002e3   Thumb Code     0  startup_lpc17xx.o(.text)
    I2S_IRQHandler                           0x000002e3   Thumb Code     0  startup_lpc17xx.o(.text)
    MCPWM_IRQHandler                         0x000002e3   Thumb Code     0  startup_lpc17xx.o(.text)
    PLL0_IRQHandler                          0x000002e3   Thumb Code     0  startup_lpc17xx.o(.text)
    PLL1_IRQHandler                          0x000002e3   Thumb Code     0  startup_lpc17xx.o(.text)
    PWM1_IRQHandler                          0x000002e3   Thumb Code     0  startup_lpc17xx.o(.text)
    QEI_IRQHandler                           0x000002e3   Thumb Code     0  startup_lpc17xx.o(.text)
    RIT_IRQHandler                           0x000002e3   Thumb Code     0  startup_lpc17xx.o(.text)
    RTC_IRQHandler                           0x000002e3   Thumb Code     0  startup_lpc17xx.o(.text)
    SPI_IRQHandler                           0x000002e3   Thumb Code     0  startup_lpc17xx.o(.text)
    SSP0_IRQHandler                          0x000002e3   Thumb Code     0  startup_lpc17xx.o(.text)
    SSP1_IRQHandler                          0x000002e3   Thumb Code     0  startup_lpc17xx.o(.text)
    TIMER0_IRQHandler                        0x000002e3   Thumb Code     0  startup_lpc17xx.o(.text)
    TIMER1_IRQHandler                        0x000002e3   Thumb Code     0  startup_lpc17xx.o(.text)
    TIMER2_IRQHandler                        0x000002e3   Thumb Code     0  startup_lpc17xx.o(.text)
    TIMER3_IRQHandler                        0x000002e3   Thumb Code     0  startup_lpc17xx.o(.text)
    UART2_IRQHandler                         0x000002e3   Thumb Code     0  startup_lpc17xx.o(.text)
    UART3_IRQHandler                         0x000002e3   Thumb Code     0  startup_lpc17xx.o(.text)
    USBActivity_IRQHandler                   0x000002e3   Thumb Code     0  startup_lpc17xx.o(.text)
    USB_IRQHandler                           0x000002e3   Thumb Code     0  startup_lpc17xx.o(.text)
    WDT_IRQHandler                           0x000002e3   Thumb Code     0  startup_lpc17xx.o(.text)
    EvrRtxEventFlagsWaitTimeout              0x000002ed   Thumb Code     2  rtx_evr.o(i.EvrRtxEventFlagsWaitTimeout)
    EvrRtxKernelError                        0x000002ef   Thumb Code     2  rtx_evr.o(i.EvrRtxKernelError)
    EvrRtxKernelGetTickFreq                  0x000002f1   Thumb Code     2  rtx_evr.o(i.EvrRtxKernelGetTickFreq)
    EvrRtxKernelInitialize                   0x000002f3   Thumb Code     2  rtx_evr.o(i.EvrRtxKernelInitialize)
    EvrRtxKernelInitializeCompleted          0x000002f5   Thumb Code     2  rtx_evr.o(i.EvrRtxKernelInitializeCompleted)
    EvrRtxKernelStart                        0x000002f7   Thumb Code     2  rtx_evr.o(i.EvrRtxKernelStart)
    EvrRtxKernelStarted                      0x000002f9   Thumb Code     2  rtx_evr.o(i.EvrRtxKernelStarted)
    EvrRtxMemoryAlloc                        0x000002fb   Thumb Code     2  rtx_evr.o(i.EvrRtxMemoryAlloc)
    __asm___14_rtx_msgqueue_c_ba128ae8__atomic_wr8 0x00000301   Thumb Code    16  rtx_msgqueue.o(.emb_text)
    __asm___14_rtx_msgqueue_c_ba128ae8__atomic_set32 0x00000311   Thumb Code    20  rtx_msgqueue.o(.emb_text)
    __asm___14_rtx_msgqueue_c_ba128ae8__atomic_clr32 0x00000325   Thumb Code    22  rtx_msgqueue.o(.emb_text)
    __asm___14_rtx_msgqueue_c_ba128ae8__atomic_chk32_all 0x0000033b   Thumb Code    38  rtx_msgqueue.o(.emb_text)
    __asm___14_rtx_msgqueue_c_ba128ae8__atomic_chk32_any 0x00000361   Thumb Code    34  rtx_msgqueue.o(.emb_text)
    __asm___14_rtx_msgqueue_c_ba128ae8__atomic_inc32 0x00000383   Thumb Code    18  rtx_msgqueue.o(.emb_text)
    __asm___14_rtx_msgqueue_c_ba128ae8__atomic_inc32_lt 0x00000395   Thumb Code    30  rtx_msgqueue.o(.emb_text)
    __asm___14_rtx_msgqueue_c_ba128ae8__atomic_inc16_lt 0x000003b3   Thumb Code    30  rtx_msgqueue.o(.emb_text)
    __asm___14_rtx_msgqueue_c_ba128ae8__atomic_inc16_lim 0x000003d1   Thumb Code    26  rtx_msgqueue.o(.emb_text)
    __asm___14_rtx_msgqueue_c_ba128ae8__atomic_dec32_nz 0x000003eb   Thumb Code    26  rtx_msgqueue.o(.emb_text)
    __asm___14_rtx_msgqueue_c_ba128ae8__atomic_dec16_nz 0x00000405   Thumb Code    26  rtx_msgqueue.o(.emb_text)
    __asm___14_rtx_msgqueue_c_ba128ae8__atomic_link_get 0x0000041f   Thumb Code    26  rtx_msgqueue.o(.emb_text)
    __asm___14_rtx_msgqueue_c_ba128ae8__atomic_link_put 0x00000439   Thumb Code    28  rtx_msgqueue.o(.emb_text)
    __asm___12_rtx_system_c_024f2f18__atomic_wr8 0x00000455   Thumb Code    16  rtx_system.o(.emb_text)
    __asm___12_rtx_system_c_024f2f18__atomic_set32 0x00000465   Thumb Code    20  rtx_system.o(.emb_text)
    __asm___12_rtx_system_c_024f2f18__atomic_clr32 0x00000479   Thumb Code    22  rtx_system.o(.emb_text)
    __asm___12_rtx_system_c_024f2f18__atomic_chk32_all 0x0000048f   Thumb Code    38  rtx_system.o(.emb_text)
    __asm___12_rtx_system_c_024f2f18__atomic_chk32_any 0x000004b5   Thumb Code    34  rtx_system.o(.emb_text)
    __asm___12_rtx_system_c_024f2f18__atomic_inc32 0x000004d7   Thumb Code    18  rtx_system.o(.emb_text)
    __asm___12_rtx_system_c_024f2f18__atomic_inc32_lt 0x000004e9   Thumb Code    30  rtx_system.o(.emb_text)
    __asm___12_rtx_system_c_024f2f18__atomic_inc16_lt 0x00000507   Thumb Code    30  rtx_system.o(.emb_text)
    __asm___12_rtx_system_c_024f2f18__atomic_inc16_lim 0x00000525   Thumb Code    26  rtx_system.o(.emb_text)
    __asm___12_rtx_system_c_024f2f18__atomic_dec32_nz 0x0000053f   Thumb Code    26  rtx_system.o(.emb_text)
    __asm___12_rtx_system_c_024f2f18__atomic_dec16_nz 0x00000559   Thumb Code    26  rtx_system.o(.emb_text)
    __asm___12_rtx_system_c_024f2f18__atomic_link_get 0x00000573   Thumb Code    26  rtx_system.o(.emb_text)
    __asm___12_rtx_system_c_024f2f18__atomic_link_put 0x0000058d   Thumb Code    28  rtx_system.o(.emb_text)
    __asm___12_rtx_thread_c_add96be5__atomic_wr8 0x000005a9   Thumb Code    16  rtx_thread.o(.emb_text)
    __asm___12_rtx_thread_c_add96be5__atomic_set32 0x000005b9   Thumb Code    20  rtx_thread.o(.emb_text)
    __asm___12_rtx_thread_c_add96be5__atomic_clr32 0x000005cd   Thumb Code    22  rtx_thread.o(.emb_text)
    __asm___12_rtx_thread_c_add96be5__atomic_chk32_all 0x000005e3   Thumb Code    38  rtx_thread.o(.emb_text)
    __asm___12_rtx_thread_c_add96be5__atomic_chk32_any 0x00000609   Thumb Code    34  rtx_thread.o(.emb_text)
    __asm___12_rtx_thread_c_add96be5__atomic_inc32 0x0000062b   Thumb Code    18  rtx_thread.o(.emb_text)
    __asm___12_rtx_thread_c_add96be5__atomic_inc32_lt 0x0000063d   Thumb Code    30  rtx_thread.o(.emb_text)
    __asm___12_rtx_thread_c_add96be5__atomic_inc16_lt 0x0000065b   Thumb Code    30  rtx_thread.o(.emb_text)
    __asm___12_rtx_thread_c_add96be5__atomic_inc16_lim 0x00000679   Thumb Code    26  rtx_thread.o(.emb_text)
    __asm___12_rtx_thread_c_add96be5__atomic_dec32_nz 0x00000693   Thumb Code    26  rtx_thread.o(.emb_text)
    __asm___12_rtx_thread_c_add96be5__atomic_dec16_nz 0x000006ad   Thumb Code    26  rtx_thread.o(.emb_text)
    __asm___12_rtx_thread_c_add96be5__atomic_link_get 0x000006c7   Thumb Code    26  rtx_thread.o(.emb_text)
    __asm___12_rtx_thread_c_add96be5__atomic_link_put 0x000006e1   Thumb Code    28  rtx_thread.o(.emb_text)
    rand                                     0x000006fd   Thumb Code    20  rand.o(.text)
    srand                                    0x00000711   Thumb Code     6  rand.o(.text)
    __aeabi_memcpy                           0x00000721   Thumb Code    36  memcpya.o(.text)
    __aeabi_memcpy4                          0x00000721   Thumb Code     0  memcpya.o(.text)
    __aeabi_memcpy8                          0x00000721   Thumb Code     0  memcpya.o(.text)
    __aeabi_memset                           0x00000745   Thumb Code    14  memseta.o(.text)
    __aeabi_memset4                          0x00000745   Thumb Code     0  memseta.o(.text)
    __aeabi_memset8                          0x00000745   Thumb Code     0  memseta.o(.text)
    __aeabi_memclr                           0x00000753   Thumb Code     4  memseta.o(.text)
    __aeabi_memclr4                          0x00000753   Thumb Code     0  memseta.o(.text)
    __aeabi_memclr8                          0x00000753   Thumb Code     0  memseta.o(.text)
    _memset$wrapper                          0x00000757   Thumb Code    18  memseta.o(.text)
    __aeabi_uidiv                            0x00000769   Thumb Code     0  uidiv.o(.text)
    __aeabi_uidivmod                         0x00000769   Thumb Code    44  uidiv.o(.text)
    __scatterload                            0x00000795   Thumb Code    28  init.o(.text)
    __scatterload_rt2                        0x00000795   Thumb Code     0  init.o(.text)
    __decompress                             0x000007b9   Thumb Code     0  __dczerorl.o(.text)
    __decompress0                            0x000007b9   Thumb Code    58  __dczerorl.o(.text)
    CreateMutex                              0x000007f5   Thumb Code    14  main.o(i.CreateMutex)
    EvrRtxMemoryBlockAlloc                   0x0000080d   Thumb Code     2  rtx_evr.o(i.EvrRtxMemoryBlockAlloc)
    EvrRtxMemoryBlockFree                    0x0000080f   Thumb Code     2  rtx_evr.o(i.EvrRtxMemoryBlockFree)
    EvrRtxMemoryBlockInit                    0x00000811   Thumb Code     2  rtx_evr.o(i.EvrRtxMemoryBlockInit)
    EvrRtxMemoryFree                         0x00000813   Thumb Code     2  rtx_evr.o(i.EvrRtxMemoryFree)
    EvrRtxMemoryInit                         0x00000815   Thumb Code     2  rtx_evr.o(i.EvrRtxMemoryInit)
    EvrRtxMemoryPoolAllocTimeout             0x00000817   Thumb Code     2  rtx_evr.o(i.EvrRtxMemoryPoolAllocTimeout)
    EvrRtxMessageQueueCreated                0x00000819   Thumb Code     2  rtx_evr.o(i.EvrRtxMessageQueueCreated)
    EvrRtxMessageQueueError                  0x0000081b   Thumb Code     2  rtx_evr.o(i.EvrRtxMessageQueueError)
    EvrRtxMessageQueueGet                    0x0000081d   Thumb Code     2  rtx_evr.o(i.EvrRtxMessageQueueGet)
    EvrRtxMessageQueueGetPending             0x0000081f   Thumb Code     2  rtx_evr.o(i.EvrRtxMessageQueueGetPending)
    EvrRtxMessageQueueGetTimeout             0x00000821   Thumb Code     2  rtx_evr.o(i.EvrRtxMessageQueueGetTimeout)
    EvrRtxMessageQueueInsertPending          0x00000823   Thumb Code     2  rtx_evr.o(i.EvrRtxMessageQueueInsertPending)
    EvrRtxMessageQueueInserted               0x00000825   Thumb Code     2  rtx_evr.o(i.EvrRtxMessageQueueInserted)
    EvrRtxMessageQueueNew                    0x00000827   Thumb Code     2  rtx_evr.o(i.EvrRtxMessageQueueNew)
    EvrRtxMessageQueueNotInserted            0x00000829   Thumb Code     2  rtx_evr.o(i.EvrRtxMessageQueueNotInserted)
    EvrRtxMessageQueueNotRetrieved           0x0000082b   Thumb Code     2  rtx_evr.o(i.EvrRtxMessageQueueNotRetrieved)
    EvrRtxMessageQueuePut                    0x0000082d   Thumb Code     2  rtx_evr.o(i.EvrRtxMessageQueuePut)
    EvrRtxMessageQueuePutPending             0x0000082f   Thumb Code     2  rtx_evr.o(i.EvrRtxMessageQueuePutPending)
    EvrRtxMessageQueuePutTimeout             0x00000831   Thumb Code     2  rtx_evr.o(i.EvrRtxMessageQueuePutTimeout)
    EvrRtxMessageQueueRetrieved              0x00000833   Thumb Code     2  rtx_evr.o(i.EvrRtxMessageQueueRetrieved)
    EvrRtxMutexAcquire                       0x00000835   Thumb Code     2  rtx_evr.o(i.EvrRtxMutexAcquire)
    EvrRtxMutexAcquirePending                0x00000837   Thumb Code     2  rtx_evr.o(i.EvrRtxMutexAcquirePending)
    EvrRtxMutexAcquireTimeout                0x00000839   Thumb Code     2  rtx_evr.o(i.EvrRtxMutexAcquireTimeout)
    EvrRtxMutexAcquired                      0x0000083b   Thumb Code     2  rtx_evr.o(i.EvrRtxMutexAcquired)
    EvrRtxMutexCreated                       0x0000083d   Thumb Code     2  rtx_evr.o(i.EvrRtxMutexCreated)
    EvrRtxMutexError                         0x0000083f   Thumb Code     2  rtx_evr.o(i.EvrRtxMutexError)
    EvrRtxMutexNew                           0x00000841   Thumb Code     2  rtx_evr.o(i.EvrRtxMutexNew)
    EvrRtxMutexNotAcquired                   0x00000843   Thumb Code     2  rtx_evr.o(i.EvrRtxMutexNotAcquired)
    EvrRtxMutexRelease                       0x00000845   Thumb Code     2  rtx_evr.o(i.EvrRtxMutexRelease)
    EvrRtxMutexReleased                      0x00000847   Thumb Code     2  rtx_evr.o(i.EvrRtxMutexReleased)
    EvrRtxSemaphoreAcquireTimeout            0x00000849   Thumb Code     2  rtx_evr.o(i.EvrRtxSemaphoreAcquireTimeout)
    EvrRtxThreadBlocked                      0x0000084b   Thumb Code     2  rtx_evr.o(i.EvrRtxThreadBlocked)
    EvrRtxThreadCreated                      0x0000084d   Thumb Code     2  rtx_evr.o(i.EvrRtxThreadCreated)
    EvrRtxThreadDelay                        0x0000084f   Thumb Code     2  rtx_evr.o(i.EvrRtxThreadDelay)
    EvrRtxThreadDelayCompleted               0x00000851   Thumb Code     2  rtx_evr.o(i.EvrRtxThreadDelayCompleted)
    EvrRtxThreadDestroyed                    0x00000853   Thumb Code     2  rtx_evr.o(i.EvrRtxThreadDestroyed)
    EvrRtxThreadError                        0x00000855   Thumb Code     2  rtx_evr.o(i.EvrRtxThreadError)
    EvrRtxThreadExit                         0x00000857   Thumb Code     2  rtx_evr.o(i.EvrRtxThreadExit)
    EvrRtxThreadFlagsWaitCompleted           0x00000859   Thumb Code     2  rtx_evr.o(i.EvrRtxThreadFlagsWaitCompleted)
    EvrRtxThreadFlagsWaitTimeout             0x0000085b   Thumb Code     2  rtx_evr.o(i.EvrRtxThreadFlagsWaitTimeout)
    EvrRtxThreadJoined                       0x0000085d   Thumb Code     2  rtx_evr.o(i.EvrRtxThreadJoined)
    EvrRtxThreadNew                          0x0000085f   Thumb Code     2  rtx_evr.o(i.EvrRtxThreadNew)
    EvrRtxThreadPreempted                    0x00000861   Thumb Code     2  rtx_evr.o(i.EvrRtxThreadPreempted)
    EvrRtxThreadSwitched                     0x00000863   Thumb Code     2  rtx_evr.o(i.EvrRtxThreadSwitched)
    EvrRtxThreadUnblocked                    0x00000865   Thumb Code     2  rtx_evr.o(i.EvrRtxThreadUnblocked)
    EvrRtxTimerCallback                      0x00000867   Thumb Code     2  rtx_evr.o(i.EvrRtxTimerCallback)
    GLCD_Clear                               0x00000869   Thumb Code    42  glcd_spi_lpc1700.o(i.GLCD_Clear)
    GLCD_DisplayChar                         0x00000895   Thumb Code    84  glcd_spi_lpc1700.o(i.GLCD_DisplayChar)
    GLCD_DisplayString                       0x000008f1   Thumb Code    40  glcd_spi_lpc1700.o(i.GLCD_DisplayString)
    GLCD_DrawChar                            0x00000919   Thumb Code   150  glcd_spi_lpc1700.o(i.GLCD_DrawChar)
    GLCD_Init                                0x000009b5   Thumb Code  1506  glcd_spi_lpc1700.o(i.GLCD_Init)
    GLCD_SetBackColor                        0x00000f9d   Thumb Code     6  glcd_spi_lpc1700.o(i.GLCD_SetBackColor)
    GLCD_SetTextColor                        0x00000fa9   Thumb Code     6  glcd_spi_lpc1700.o(i.GLCD_SetTextColor)
    GLCD_SetWindow                           0x00000fb5   Thumb Code   168  glcd_spi_lpc1700.o(i.GLCD_SetWindow)
    GLCD_WindowMax                           0x00001061   Thumb Code    18  glcd_spi_lpc1700.o(i.GLCD_WindowMax)
    OS_Tick_AcknowledgeIRQ                   0x000011e7   Thumb Code     8  os_systick.o(i.OS_Tick_AcknowledgeIRQ)
    OS_Tick_Enable                           0x000011f1   Thumb Code    38  os_systick.o(i.OS_Tick_Enable)
    OS_Tick_GetIRQn                          0x00001221   Thumb Code     6  os_systick.o(i.OS_Tick_GetIRQn)
    OS_Tick_Setup                            0x00001229   Thumb Code    66  os_systick.o(i.OS_Tick_Setup)
    SystemInit                               0x00001279   Thumb Code   302  system_lpc17xx.o(i.SystemInit)
    UART0_IRQHandler                         0x00001469   Thumb Code    88  uart.o(i.UART0_IRQHandler)
    UART1_IRQHandler                         0x000014d1   Thumb Code    90  uart.o(i.UART1_IRQHandler)
    __0sprintf$3                             0x00001541   Thumb Code    34  printf3.o(i.__0sprintf$3)
    __1sprintf$3                             0x00001541   Thumb Code     0  printf3.o(i.__0sprintf$3)
    __2sprintf                               0x00001541   Thumb Code     0  printf3.o(i.__0sprintf$3)
    __scatterload_copy                       0x00001569   Thumb Code    14  handlers.o(i.__scatterload_copy)
    __scatterload_null                       0x00001577   Thumb Code     2  handlers.o(i.__scatterload_null)
    __scatterload_zeroinit                   0x00001579   Thumb Code    14  handlers.o(i.__scatterload_zeroinit)
    collision                                0x0000174d   Thumb Code   226  main.o(i.collision)
    init                                     0x00001885   Thumb Code   212  main.o(i.init)
    joystick                                 0x00001b35   Thumb Code    90  main.o(i.joystick)
    main                                     0x00001b9d   Thumb Code    72  main.o(i.main)
    obstacle_env                             0x00001bf9   Thumb Code   368  main.o(i.obstacle_env)
    osDelay                                  0x00001d9d   Thumb Code    56  rtx_delay.o(i.osDelay)
    osKernelGetTickFreq                      0x00001dd9   Thumb Code    38  rtx_kernel.o(i.osKernelGetTickFreq)
    osKernelInitialize                       0x00001e05   Thumb Code    48  rtx_kernel.o(i.osKernelInitialize)
    osKernelStart                            0x00001e39   Thumb Code    48  rtx_kernel.o(i.osKernelStart)
    osMessageQueueGet                        0x00001e6d   Thumb Code    78  rtx_msgqueue.o(i.osMessageQueueGet)
    osMessageQueueNew                        0x00001ec1   Thumb Code    70  rtx_msgqueue.o(i.osMessageQueueNew)
    osMessageQueuePut                        0x00001f0d   Thumb Code    78  rtx_msgqueue.o(i.osMessageQueuePut)
    osMutexAcquire                           0x00001f61   Thumb Code    62  rtx_mutex.o(i.osMutexAcquire)
    osMutexNew                               0x00001fa5   Thumb Code    54  rtx_mutex.o(i.osMutexNew)
    osMutexRelease                           0x00001fe1   Thumb Code    56  rtx_mutex.o(i.osMutexRelease)
    osRtxErrorNotify                         0x0000201d   Thumb Code    32  rtx_config.o(i.osRtxErrorNotify)
    osRtxIdleThread                          0x0000203d   Thumb Code     4  rtx_config.o(i.osRtxIdleThread)
    osRtxMemoryAlloc                         0x0000204d   Thumb Code   238  rtx_memory.o(i.osRtxMemoryAlloc)
    osRtxMemoryFree                          0x0000213b   Thumb Code   124  rtx_memory.o(i.osRtxMemoryFree)
    osRtxMemoryInit                          0x000021b7   Thumb Code   106  rtx_memory.o(i.osRtxMemoryInit)
    osRtxMemoryPoolAlloc                     0x00002221   Thumb Code    58  rtx_mempool.o(i.osRtxMemoryPoolAlloc)
    osRtxMemoryPoolFree                      0x0000225b   Thumb Code    78  rtx_mempool.o(i.osRtxMemoryPoolFree)
    osRtxMemoryPoolInit                      0x000022a9   Thumb Code    88  rtx_mempool.o(i.osRtxMemoryPoolInit)
    osRtxMutexOwnerRelease                   0x00002429   Thumb Code    94  rtx_mutex.o(i.osRtxMutexOwnerRelease)
    osRtxPendSV_Handler                      0x00002489   Thumb Code   126  rtx_system.o(i.osRtxPendSV_Handler)
    osRtxPostProcess                         0x0000250d   Thumb Code    50  rtx_system.o(i.osRtxPostProcess)
    osRtxThreadDelayTick                     0x00002665   Thumb Code   216  rtx_thread.o(i.osRtxThreadDelayTick)
    osRtxThreadDispatch                      0x00002741   Thumb Code   106  rtx_thread.o(i.osRtxThreadDispatch)
    osRtxThreadListGet                       0x0000281d   Thumb Code    28  rtx_thread.o(i.osRtxThreadListGet)
    osRtxThreadListPut                       0x00002839   Thumb Code    50  rtx_thread.o(i.osRtxThreadListPut)
    osRtxThreadListRemove                    0x0000286b   Thumb Code    26  rtx_thread.o(i.osRtxThreadListRemove)
    osRtxThreadListSort                      0x00002897   Thumb Code    42  rtx_thread.o(i.osRtxThreadListSort)
    osRtxThreadReadyPut                      0x00002901   Thumb Code    18  rtx_thread.o(i.osRtxThreadReadyPut)
    osRtxThreadRegPtr                        0x00002919   Thumb Code    14  rtx_thread.o(i.osRtxThreadRegPtr)
    osRtxThreadStackCheck                    0x00002935   Thumb Code    38  rtx_thread.o(i.osRtxThreadStackCheck)
    osRtxThreadStartup                       0x00002961   Thumb Code    78  rtx_thread.o(i.osRtxThreadStartup)
    osRtxThreadSwitch                        0x000029c1   Thumb Code    24  rtx_thread.o(i.osRtxThreadSwitch)
    osRtxThreadWaitEnter                     0x000029dd   Thumb Code    78  rtx_thread.o(i.osRtxThreadWaitEnter)
    osRtxThreadWaitExit                      0x00002a31   Thumb Code    54  rtx_thread.o(i.osRtxThreadWaitExit)
    osRtxTick_Handler                        0x00002a69   Thumb Code   154  rtx_system.o(i.osRtxTick_Handler)
    osRtxTimerThread                         0x00002b09   Thumb Code    76  rtx_timer.o(i.osRtxTimerThread)
    osThreadExit                             0x00002bbd   Thumb Code    28  rtx_thread.o(i.osThreadExit)
    osThreadNew                              0x00002bdd   Thumb Code    70  rtx_thread.o(i.osThreadNew)
    potentiometer                            0x00002c29   Thumb Code   172  main.o(i.potentiometer)
    pushbutton                               0x00002d01   Thumb Code    88  main.o(i.pushbutton)
    Font_6x8_h                               0x00003d14   Data         896  glcd_spi_lpc1700.o(.constdata)
    Font_16x24_h                             0x00004094   Data        5376  glcd_spi_lpc1700.o(.constdata)
    Thread_Mutex_attr                        0x00005594   Data          16  main.o(.constdata)
    osRtxUserSVC                             0x00005604   Data           4  rtx_lib.o(.constdata)
    osRtxConfig                              0x00005624   Data         104  rtx_lib.o(.rodata)
    Region$$Table$$Base                      0x0000568c   Number         0  anon$$obj.o(Region$$Table)
    Region$$Table$$Limit                     0x000056ac   Number         0  anon$$obj.o(Region$$Table)
    .bss.os.msgqueue.cb$$Base                0x10001040   Number         0  rtx_lib.o(.bss.os.msgqueue.cb)
    .bss.os.msgqueue.cb$$Limit               0x10001074   Number         0  rtx_lib.o(.bss.os.msgqueue.cb)
    .bss.os.thread.cb$$Base                  0x100010c4   Number         0  rtx_lib.o(.bss.os.thread.cb)
    .bss.os.thread.cb$$Limit                 0x1000114c   Number         0  rtx_lib.o(.bss.os.thread.cb)
    ITM_RxBuffer                             0x10001358   Data           4  uart.o(.data)
    UART0Status                              0x1000135c   Data           4  uart.o(.data)
    UART1Status                              0x10001360   Data           4  uart.o(.data)
    UART0TxEmpty                             0x10001364   Data           1  uart.o(.data)
    UART1TxEmpty                             0x10001365   Data           1  uart.o(.data)
    UART0Count                               0x10001368   Data           4  uart.o(.data)
    UART1Count                               0x1000136c   Data           4  uart.o(.data)
    RcvLock0                                 0x10001370   Data           1  uart.o(.data)
    SndLock0                                 0x10001371   Data           1  uart.o(.data)
    RcvLock1                                 0x10001372   Data           1  uart.o(.data)
    SndLock1                                 0x10001373   Data           1  uart.o(.data)
    i                                        0x10001374   Data           4  uart.o(.data)
    pot                                      0x10001378   Data           4  main.o(.data)
    system_state                             0x1000137c   Data           4  main.o(.data)
    health                                   0x10001380   Data           4  main.o(.data)
    distance                                 0x10001384   Data           4  main.o(.data)
    frequency                                0x10001388   Data           4  main.o(.data)
    speed                                    0x1000138c   Data           4  main.o(.data)
    char_pos                                 0x10001390   Data           4  main.o(.data)
    char_prev                                0x10001394   Data           4  main.o(.data)
    ch                                       0x10001398   Data           1  main.o(.data)
    mtx_start                                0x1000139c   Data           4  main.o(.data)
    SystemCoreClock                          0x100013a4   Data           4  system_lpc17xx.o(.data)
    osRtxInfo                                0x100013ac   Data         164  rtx_kernel.o(.data.os)
    UART0Buffer                              0x10001450   Data          64  uart.o(.bss)
    UART1Buffer                              0x10001490   Data          64  uart.o(.bss)
    grid                                     0x100014d0   Data         200  main.o(.bss)
    grid_prev                                0x10001598   Data         200  main.o(.bss)
    __initial_sp                             0x10005660   Data           0  startup_lpc17xx.o(STACK)



==============================================================================

Memory Map of the image

  Image Entry point : 0x000002c9

  Load Region LR_1 (Base: 0x00000000, Size: 0x00006afc, Max: 0xffffffff, ABSOLUTE, COMPRESSED[0x000056f0])

    Execution Region ER_RO (Exec base: 0x00000000, Load base: 0x00000000, Size: 0x000056ac, Max: 0xffffffff, ABSOLUTE)

    Exec Addr    Load Addr    Size         Type   Attr      Idx    E Section Name        Object

    0x00000000   0x00000000   0x000000cc   Data   RO         3364    RESET               startup_lpc17xx.o
    0x000000cc   0x000000cc   0x00000000   Code   RO         3408  * .ARM.Collect$$$$00000000  mc_w.l(entry.o)
    0x000000cc   0x000000cc   0x00000004   Code   RO         3683    .ARM.Collect$$$$00000001  mc_w.l(entry2.o)
    0x000000d0   0x000000d0   0x00000004   Code   RO         3686    .ARM.Collect$$$$00000004  mc_w.l(entry5.o)
    0x000000d4   0x000000d4   0x00000000   Code   RO         3688    .ARM.Collect$$$$00000008  mc_w.l(entry7b.o)
    0x000000d4   0x000000d4   0x00000000   Code   RO         3690    .ARM.Collect$$$$0000000A  mc_w.l(entry8b.o)
    0x000000d4   0x000000d4   0x00000008   Code   RO         3691    .ARM.Collect$$$$0000000B  mc_w.l(entry9a.o)
    0x000000dc   0x000000dc   0x00000000   Code   RO         3693    .ARM.Collect$$$$0000000D  mc_w.l(entry10a.o)
    0x000000dc   0x000000dc   0x00000000   Code   RO         3695    .ARM.Collect$$$$0000000F  mc_w.l(entry11a.o)
    0x000000dc   0x000000dc   0x00000004   Code   RO         3684    .ARM.Collect$$$$00002712  mc_w.l(entry2.o)
    0x000000e0   0x000000e0   0x00000154   Code   RO         2083    .emb_text           rtx_mempool.o
    0x00000234   0x00000234   0x00000094   Code   RO          516    .text               irq_cm3.o
    0x000002c8   0x000002c8   0x00000024   Code   RO         3366  * .text               startup_lpc17xx.o
    0x000002ec   0x000002ec   0x00000002   Code   RO          781    i.EvrRtxEventFlagsWaitTimeout  rtx_evr.o
    0x000002ee   0x000002ee   0x00000002   Code   RO          782    i.EvrRtxKernelError  rtx_evr.o
    0x000002f0   0x000002f0   0x00000002   Code   RO          788    i.EvrRtxKernelGetTickFreq  rtx_evr.o
    0x000002f2   0x000002f2   0x00000002   Code   RO          790    i.EvrRtxKernelInitialize  rtx_evr.o
    0x000002f4   0x000002f4   0x00000002   Code   RO          791    i.EvrRtxKernelInitializeCompleted  rtx_evr.o
    0x000002f6   0x000002f6   0x00000002   Code   RO          798    i.EvrRtxKernelStart  rtx_evr.o
    0x000002f8   0x000002f8   0x00000002   Code   RO          799    i.EvrRtxKernelStarted  rtx_evr.o
    0x000002fa   0x000002fa   0x00000002   Code   RO          804    i.EvrRtxMemoryAlloc  rtx_evr.o
    0x000002fc   0x000002fc   0x00000004   Code   RO         3365    .ARM.__at_0x02FC    startup_lpc17xx.o
    0x00000300   0x00000300   0x00000154   Code   RO         2250    .emb_text           rtx_msgqueue.o
    0x00000454   0x00000454   0x00000154   Code   RO         2661    .emb_text           rtx_system.o
    0x000005a8   0x000005a8   0x00000154   Code   RO         2717    .emb_text           rtx_thread.o
    0x000006fc   0x000006fc   0x00000024   Code   RO         3413    .text               mc_w.l(rand.o)
    0x00000720   0x00000720   0x00000024   Code   RO         3416    .text               mc_w.l(memcpya.o)
    0x00000744   0x00000744   0x00000024   Code   RO         3418    .text               mc_w.l(memseta.o)
    0x00000768   0x00000768   0x0000002c   Code   RO         3697    .text               mc_w.l(uidiv.o)
    0x00000794   0x00000794   0x00000024   Code   RO         3714    .text               mc_w.l(init.o)
    0x000007b8   0x000007b8   0x0000003a   Code   RO         3728    .text               mc_w.l(__dczerorl.o)
    0x000007f2   0x000007f2   0x00000002   PAD
    0x000007f4   0x000007f4   0x00000018   Code   RO          427    i.CreateMutex       main.o
    0x0000080c   0x0000080c   0x00000002   Code   RO          805    i.EvrRtxMemoryBlockAlloc  rtx_evr.o
    0x0000080e   0x0000080e   0x00000002   Code   RO          806    i.EvrRtxMemoryBlockFree  rtx_evr.o
    0x00000810   0x00000810   0x00000002   Code   RO          807    i.EvrRtxMemoryBlockInit  rtx_evr.o
    0x00000812   0x00000812   0x00000002   Code   RO          808    i.EvrRtxMemoryFree  rtx_evr.o
    0x00000814   0x00000814   0x00000002   Code   RO          809    i.EvrRtxMemoryInit  rtx_evr.o
    0x00000816   0x00000816   0x00000002   Code   RO          813    i.EvrRtxMemoryPoolAllocTimeout  rtx_evr.o
    0x00000818   0x00000818   0x00000002   Code   RO          828    i.EvrRtxMessageQueueCreated  rtx_evr.o
    0x0000081a   0x0000081a   0x00000002   Code   RO          831    i.EvrRtxMessageQueueError  rtx_evr.o
    0x0000081c   0x0000081c   0x00000002   Code   RO          832    i.EvrRtxMessageQueueGet  rtx_evr.o
    0x0000081e   0x0000081e   0x00000002   Code   RO          837    i.EvrRtxMessageQueueGetPending  rtx_evr.o
    0x00000820   0x00000820   0x00000002   Code   RO          839    i.EvrRtxMessageQueueGetTimeout  rtx_evr.o
    0x00000822   0x00000822   0x00000002   Code   RO          840    i.EvrRtxMessageQueueInsertPending  rtx_evr.o
    0x00000824   0x00000824   0x00000002   Code   RO          841    i.EvrRtxMessageQueueInserted  rtx_evr.o
    0x00000826   0x00000826   0x00000002   Code   RO          842    i.EvrRtxMessageQueueNew  rtx_evr.o
    0x00000828   0x00000828   0x00000002   Code   RO          843    i.EvrRtxMessageQueueNotInserted  rtx_evr.o
    0x0000082a   0x0000082a   0x00000002   Code   RO          844    i.EvrRtxMessageQueueNotRetrieved  rtx_evr.o
    0x0000082c   0x0000082c   0x00000002   Code   RO          845    i.EvrRtxMessageQueuePut  rtx_evr.o
    0x0000082e   0x0000082e   0x00000002   Code   RO          846    i.EvrRtxMessageQueuePutPending  rtx_evr.o
    0x00000830   0x00000830   0x00000002   Code   RO          847    i.EvrRtxMessageQueuePutTimeout  rtx_evr.o
    0x00000832   0x00000832   0x00000002   Code   RO          850    i.EvrRtxMessageQueueRetrieved  rtx_evr.o
    0x00000834   0x00000834   0x00000002   Code   RO          851    i.EvrRtxMutexAcquire  rtx_evr.o
    0x00000836   0x00000836   0x00000002   Code   RO          852    i.EvrRtxMutexAcquirePending  rtx_evr.o
    0x00000838   0x00000838   0x00000002   Code   RO          853    i.EvrRtxMutexAcquireTimeout  rtx_evr.o
    0x0000083a   0x0000083a   0x00000002   Code   RO          854    i.EvrRtxMutexAcquired  rtx_evr.o
    0x0000083c   0x0000083c   0x00000002   Code   RO          855    i.EvrRtxMutexCreated  rtx_evr.o
    0x0000083e   0x0000083e   0x00000002   Code   RO          858    i.EvrRtxMutexError  rtx_evr.o
    0x00000840   0x00000840   0x00000002   Code   RO          861    i.EvrRtxMutexNew    rtx_evr.o
    0x00000842   0x00000842   0x00000002   Code   RO          862    i.EvrRtxMutexNotAcquired  rtx_evr.o
    0x00000844   0x00000844   0x00000002   Code   RO          863    i.EvrRtxMutexRelease  rtx_evr.o
    0x00000846   0x00000846   0x00000002   Code   RO          864    i.EvrRtxMutexReleased  rtx_evr.o
    0x00000848   0x00000848   0x00000002   Code   RO          867    i.EvrRtxSemaphoreAcquireTimeout  rtx_evr.o
    0x0000084a   0x0000084a   0x00000002   Code   RO          879    i.EvrRtxThreadBlocked  rtx_evr.o
    0x0000084c   0x0000084c   0x00000002   Code   RO          880    i.EvrRtxThreadCreated  rtx_evr.o
    0x0000084e   0x0000084e   0x00000002   Code   RO          881    i.EvrRtxThreadDelay  rtx_evr.o
    0x00000850   0x00000850   0x00000002   Code   RO          882    i.EvrRtxThreadDelayCompleted  rtx_evr.o
    0x00000852   0x00000852   0x00000002   Code   RO          884    i.EvrRtxThreadDestroyed  rtx_evr.o
    0x00000854   0x00000854   0x00000002   Code   RO          888    i.EvrRtxThreadError  rtx_evr.o
    0x00000856   0x00000856   0x00000002   Code   RO          889    i.EvrRtxThreadExit  rtx_evr.o
    0x00000858   0x00000858   0x00000002   Code   RO          896    i.EvrRtxThreadFlagsWaitCompleted  rtx_evr.o
    0x0000085a   0x0000085a   0x00000002   Code   RO          899    i.EvrRtxThreadFlagsWaitTimeout  rtx_evr.o
    0x0000085c   0x0000085c   0x00000002   Code   RO          909    i.EvrRtxThreadJoined  rtx_evr.o
    0x0000085e   0x0000085e   0x00000002   Code   RO          910    i.EvrRtxThreadNew   rtx_evr.o
    0x00000860   0x00000860   0x00000002   Code   RO          911    i.EvrRtxThreadPreempted  rtx_evr.o
    0x00000862   0x00000862   0x00000002   Code   RO          917    i.EvrRtxThreadSwitched  rtx_evr.o
    0x00000864   0x00000864   0x00000002   Code   RO          919    i.EvrRtxThreadUnblocked  rtx_evr.o
    0x00000866   0x00000866   0x00000002   Code   RO          921    i.EvrRtxTimerCallback  rtx_evr.o
    0x00000868   0x00000868   0x0000002a   Code   RO            6    i.GLCD_Clear        glcd_spi_lpc1700.o
    0x00000892   0x00000892   0x00000002   PAD
    0x00000894   0x00000894   0x0000005c   Code   RO            8    i.GLCD_DisplayChar  glcd_spi_lpc1700.o
    0x000008f0   0x000008f0   0x00000028   Code   RO            9    i.GLCD_DisplayString  glcd_spi_lpc1700.o
    0x00000918   0x00000918   0x0000009c   Code   RO           10    i.GLCD_DrawChar     glcd_spi_lpc1700.o
    0x000009b4   0x000009b4   0x000005e8   Code   RO           11    i.GLCD_Init         glcd_spi_lpc1700.o
    0x00000f9c   0x00000f9c   0x0000000c   Code   RO           14    i.GLCD_SetBackColor  glcd_spi_lpc1700.o
    0x00000fa8   0x00000fa8   0x0000000c   Code   RO           15    i.GLCD_SetTextColor  glcd_spi_lpc1700.o
    0x00000fb4   0x00000fb4   0x000000ac   Code   RO           16    i.GLCD_SetWindow    glcd_spi_lpc1700.o
    0x00001060   0x00001060   0x00000012   Code   RO           17    i.GLCD_WindowMax    glcd_spi_lpc1700.o
    0x00001072   0x00001072   0x00000018   Code   RO          524    i.IsIrqMasked       rtx_delay.o
    0x0000108a   0x0000108a   0x00000018   Code   RO         1787    i.IsIrqMasked       rtx_kernel.o
    0x000010a2   0x000010a2   0x00000018   Code   RO         2251    i.IsIrqMasked       rtx_msgqueue.o
    0x000010ba   0x000010ba   0x00000018   Code   RO         2429    i.IsIrqMasked       rtx_mutex.o
    0x000010d2   0x000010d2   0x00000018   Code   RO         2718    i.IsIrqMasked       rtx_thread.o
    0x000010ea   0x000010ea   0x00000010   Code   RO          525    i.IsIrqMode         rtx_delay.o
    0x000010fa   0x000010fa   0x00000010   Code   RO         1788    i.IsIrqMode         rtx_kernel.o
    0x0000110a   0x0000110a   0x00000010   Code   RO         2252    i.IsIrqMode         rtx_msgqueue.o
    0x0000111a   0x0000111a   0x00000010   Code   RO         2430    i.IsIrqMode         rtx_mutex.o
    0x0000112a   0x0000112a   0x00000010   Code   RO         2719    i.IsIrqMode         rtx_thread.o
    0x0000113a   0x0000113a   0x0000000a   Code   RO         2036    i.MemBlockPtr       rtx_memory.o
    0x00001144   0x00001144   0x00000034   Code   RO         2253    i.MessageQueueGet   rtx_msgqueue.o
    0x00001178   0x00001178   0x0000004c   Code   RO         2254    i.MessageQueuePut   rtx_msgqueue.o
    0x000011c4   0x000011c4   0x00000022   Code   RO         2255    i.MessageQueueRemove  rtx_msgqueue.o
    0x000011e6   0x000011e6   0x00000008   Code   RO         3261    i.OS_Tick_AcknowledgeIRQ  os_systick.o
    0x000011ee   0x000011ee   0x00000002   PAD
    0x000011f0   0x000011f0   0x00000030   Code   RO         3263    i.OS_Tick_Enable    os_systick.o
    0x00001220   0x00001220   0x00000006   Code   RO         3266    i.OS_Tick_GetIRQn   os_systick.o
    0x00001226   0x00001226   0x00000002   PAD
    0x00001228   0x00001228   0x00000050   Code   RO         3269    i.OS_Tick_Setup     os_systick.o
    0x00001278   0x00001278   0x00000140   Code   RO         3376    i.SystemInit        system_lpc17xx.o
    0x000013b8   0x000013b8   0x00000056   Code   RO         2720    i.ThreadFlagsCheck  rtx_thread.o
    0x0000140e   0x0000140e   0x00000002   PAD
    0x00001410   0x00001410   0x00000040   Code   RO         3137    i.TimerInsert       rtx_timer.o
    0x00001450   0x00001450   0x00000018   Code   RO         3139    i.TimerUnlink       rtx_timer.o
    0x00001468   0x00001468   0x00000068   Code   RO          319    i.UART0_IRQHandler  uart.o
    0x000014d0   0x000014d0   0x00000070   Code   RO          320    i.UART1_IRQHandler  uart.o
    0x00001540   0x00001540   0x00000028   Code   RO         3513    i.__0sprintf$3      mc_w.l(printf3.o)
    0x00001568   0x00001568   0x0000000e   Code   RO         3722    i.__scatterload_copy  mc_w.l(handlers.o)
    0x00001576   0x00001576   0x00000002   Code   RO         3723    i.__scatterload_null  mc_w.l(handlers.o)
    0x00001578   0x00001578   0x0000000e   Code   RO         3724    i.__scatterload_zeroinit  mc_w.l(handlers.o)
    0x00001586   0x00001586   0x00000002   PAD
    0x00001588   0x00001588   0x000001b8   Code   RO         3518    i._printf_core      mc_w.l(printf3.o)
    0x00001740   0x00001740   0x0000000a   Code   RO         3520    i._sputc            mc_w.l(printf3.o)
    0x0000174a   0x0000174a   0x00000002   PAD
    0x0000174c   0x0000174c   0x00000128   Code   RO          428    i.collision         main.o
    0x00001874   0x00001874   0x0000000e   Code   RO           20    i.delay             glcd_spi_lpc1700.o
    0x00001882   0x00001882   0x00000002   PAD
    0x00001884   0x00001884   0x0000010c   Code   RO          429    i.init              main.o
    0x00001990   0x00001990   0x00000096   Code   RO         2256    i.isrRtxMessageQueueGet  rtx_msgqueue.o
    0x00001a26   0x00001a26   0x0000009e   Code   RO         2257    i.isrRtxMessageQueuePut  rtx_msgqueue.o
    0x00001ac4   0x00001ac4   0x00000034   Code   RO         2662    i.isr_queue_get     rtx_system.o
    0x00001af8   0x00001af8   0x0000003c   Code   RO         2663    i.isr_queue_put     rtx_system.o
    0x00001b34   0x00001b34   0x00000068   Code   RO          430    i.joystick          main.o
    0x00001b9c   0x00001b9c   0x0000005c   Code   RO          431    i.main              main.o
    0x00001bf8   0x00001bf8   0x000001a4   Code   RO          432    i.obstacle_env      main.o
    0x00001d9c   0x00001d9c   0x0000003c   Code   RO          526    i.osDelay           rtx_delay.o
    0x00001dd8   0x00001dd8   0x0000002c   Code   RO         1797    i.osKernelGetTickFreq  rtx_kernel.o
    0x00001e04   0x00001e04   0x00000034   Code   RO         1798    i.osKernelInitialize  rtx_kernel.o
    0x00001e38   0x00001e38   0x00000034   Code   RO         1802    i.osKernelStart     rtx_kernel.o
    0x00001e6c   0x00001e6c   0x00000054   Code   RO         2259    i.osMessageQueueGet  rtx_msgqueue.o
    0x00001ec0   0x00001ec0   0x0000004c   Code   RO         2265    i.osMessageQueueNew  rtx_msgqueue.o
    0x00001f0c   0x00001f0c   0x00000054   Code   RO         2266    i.osMessageQueuePut  rtx_msgqueue.o
    0x00001f60   0x00001f60   0x00000044   Code   RO         2431    i.osMutexAcquire    rtx_mutex.o
    0x00001fa4   0x00001fa4   0x0000003c   Code   RO         2435    i.osMutexNew        rtx_mutex.o
    0x00001fe0   0x00001fe0   0x0000003c   Code   RO         2436    i.osMutexRelease    rtx_mutex.o
    0x0000201c   0x0000201c   0x00000020   Code   RO         3335    i.osRtxErrorNotify  rtx_config.o
    0x0000203c   0x0000203c   0x00000004   Code   RO         3336    i.osRtxIdleThread   rtx_config.o
    0x00002040   0x00002040   0x0000000c   Code   RO         2724    i.osRtxKernelGetState  rtx_thread.o
    0x0000204c   0x0000204c   0x000000ee   Code   RO         2037    i.osRtxMemoryAlloc  rtx_memory.o
    0x0000213a   0x0000213a   0x0000007c   Code   RO         2038    i.osRtxMemoryFree   rtx_memory.o
    0x000021b6   0x000021b6   0x0000006a   Code   RO         2039    i.osRtxMemoryInit   rtx_memory.o
    0x00002220   0x00002220   0x0000003a   Code   RO         2097    i.osRtxMemoryPoolAlloc  rtx_mempool.o
    0x0000225a   0x0000225a   0x0000004e   Code   RO         2098    i.osRtxMemoryPoolFree  rtx_mempool.o
    0x000022a8   0x000022a8   0x00000058   Code   RO         2099    i.osRtxMemoryPoolInit  rtx_mempool.o
    0x00002300   0x00002300   0x00000128   Code   RO         2268    i.osRtxMessageQueuePostProcess  rtx_msgqueue.o
    0x00002428   0x00002428   0x0000005e   Code   RO         2437    i.osRtxMutexOwnerRelease  rtx_mutex.o
    0x00002486   0x00002486   0x00000002   PAD
    0x00002488   0x00002488   0x00000084   Code   RO         2664    i.osRtxPendSV_Handler  rtx_system.o
    0x0000250c   0x0000250c   0x0000003c   Code   RO         2665    i.osRtxPostProcess  rtx_system.o
    0x00002548   0x00002548   0x00000040   Code   RO         2725    i.osRtxThreadBlock  rtx_thread.o
    0x00002588   0x00002588   0x00000068   Code   RO         2726    i.osRtxThreadDelayInsert  rtx_thread.o
    0x000025f0   0x000025f0   0x00000074   Code   RO         2727    i.osRtxThreadDelayRemove  rtx_thread.o
    0x00002664   0x00002664   0x000000dc   Code   RO         2728    i.osRtxThreadDelayTick  rtx_thread.o
    0x00002740   0x00002740   0x00000070   Code   RO         2729    i.osRtxThreadDispatch  rtx_thread.o
    0x000027b0   0x000027b0   0x00000060   Code   RO         2730    i.osRtxThreadFree   rtx_thread.o
    0x00002810   0x00002810   0x0000000c   Code   RO         2731    i.osRtxThreadGetRunning  rtx_thread.o
    0x0000281c   0x0000281c   0x0000001c   Code   RO         2732    i.osRtxThreadListGet  rtx_thread.o
    0x00002838   0x00002838   0x00000032   Code   RO         2733    i.osRtxThreadListPut  rtx_thread.o
    0x0000286a   0x0000286a   0x0000001a   Code   RO         2734    i.osRtxThreadListRemove  rtx_thread.o
    0x00002884   0x00002884   0x00000012   Code   RO         2735    i.osRtxThreadListRoot  rtx_thread.o
    0x00002896   0x00002896   0x0000002a   Code   RO         2736    i.osRtxThreadListSort  rtx_thread.o
    0x000028c0   0x000028c0   0x00000040   Code   RO         2738    i.osRtxThreadPostProcess  rtx_thread.o
    0x00002900   0x00002900   0x00000018   Code   RO         2739    i.osRtxThreadReadyPut  rtx_thread.o
    0x00002918   0x00002918   0x0000000e   Code   RO         2740    i.osRtxThreadRegPtr  rtx_thread.o
    0x00002926   0x00002926   0x00000002   PAD
    0x00002928   0x00002928   0x0000000c   Code   RO         2741    i.osRtxThreadSetRunning  rtx_thread.o
    0x00002934   0x00002934   0x0000002c   Code   RO         2742    i.osRtxThreadStackCheck  rtx_thread.o
    0x00002960   0x00002960   0x00000060   Code   RO         2743    i.osRtxThreadStartup  rtx_thread.o
    0x000029c0   0x000029c0   0x0000001c   Code   RO         2744    i.osRtxThreadSwitch  rtx_thread.o
    0x000029dc   0x000029dc   0x00000054   Code   RO         2745    i.osRtxThreadWaitEnter  rtx_thread.o
    0x00002a30   0x00002a30   0x00000036   Code   RO         2746    i.osRtxThreadWaitExit  rtx_thread.o
    0x00002a66   0x00002a66   0x00000002   PAD
    0x00002a68   0x00002a68   0x000000a0   Code   RO         2666    i.osRtxTick_Handler  rtx_system.o
    0x00002b08   0x00002b08   0x00000058   Code   RO         3140    i.osRtxTimerThread  rtx_timer.o
    0x00002b60   0x00002b60   0x0000005c   Code   RO         3141    i.osRtxTimerTick    rtx_timer.o
    0x00002bbc   0x00002bbc   0x00000020   Code   RO         2749    i.osThreadExit      rtx_thread.o
    0x00002bdc   0x00002bdc   0x0000004c   Code   RO         2762    i.osThreadNew       rtx_thread.o
    0x00002c28   0x00002c28   0x000000d8   Code   RO          433    i.potentiometer     main.o
    0x00002d00   0x00002d00   0x0000006c   Code   RO          434    i.pushbutton        main.o
    0x00002d6c   0x00002d6c   0x0000008c   Code   RO           21    i.rd_id_man         glcd_spi_lpc1700.o
    0x00002df8   0x00002df8   0x00000048   Code   RO           22    i.rd_reg            glcd_spi_lpc1700.o
    0x00002e40   0x00002e40   0x00000020   Code   RO           23    i.spi_tran          glcd_spi_lpc1700.o
    0x00002e60   0x00002e60   0x00000080   Code   RO           24    i.spi_tran_man      glcd_spi_lpc1700.o
    0x00002ee0   0x00002ee0   0x00000018   Code   RO          528    i.svcRtxDelay       rtx_delay.o
    0x00002ef8   0x00002ef8   0x00000014   Code   RO         1810    i.svcRtxKernelGetTickFreq  rtx_kernel.o
    0x00002f0c   0x00002f0c   0x00000264   Code   RO         1811    i.svcRtxKernelInitialize  rtx_kernel.o
    0x00003170   0x00003170   0x000000e8   Code   RO         1815    i.svcRtxKernelStart  rtx_kernel.o
    0x00003258   0x00003258   0x00000158   Code   RO         2270    i.svcRtxMessageQueueGet  rtx_msgqueue.o
    0x000033b0   0x000033b0   0x00000198   Code   RO         2276    i.svcRtxMessageQueueNew  rtx_msgqueue.o
    0x00003548   0x00003548   0x00000140   Code   RO         2277    i.svcRtxMessageQueuePut  rtx_msgqueue.o
    0x00003688   0x00003688   0x00000120   Code   RO         2438    i.svcRtxMutexAcquire  rtx_mutex.o
    0x000037a8   0x000037a8   0x000000b0   Code   RO         2442    i.svcRtxMutexNew    rtx_mutex.o
    0x00003858   0x00003858   0x0000011c   Code   RO         2443    i.svcRtxMutexRelease  rtx_mutex.o
    0x00003974   0x00003974   0x00000094   Code   RO         2770    i.svcRtxThreadExit  rtx_thread.o
    0x00003a08   0x00003a08   0x00000274   Code   RO         2783    i.svcRtxThreadNew   rtx_thread.o
    0x00003c7c   0x00003c7c   0x00000028   Code   RO           25    i.wr_cmd            glcd_spi_lpc1700.o
    0x00003ca4   0x00003ca4   0x00000028   Code   RO           26    i.wr_dat            glcd_spi_lpc1700.o
    0x00003ccc   0x00003ccc   0x00000012   Code   RO           27    i.wr_dat_only       glcd_spi_lpc1700.o
    0x00003cde   0x00003cde   0x00000002   PAD
    0x00003ce0   0x00003ce0   0x00000014   Code   RO           28    i.wr_dat_start      glcd_spi_lpc1700.o
    0x00003cf4   0x00003cf4   0x0000000c   Code   RO           29    i.wr_dat_stop       glcd_spi_lpc1700.o
    0x00003d00   0x00003d00   0x00000014   Code   RO           30    i.wr_reg            glcd_spi_lpc1700.o
    0x00003d14   0x00003d14   0x00001880   Data   RO           31    .constdata          glcd_spi_lpc1700.o
    0x00005594   0x00005594   0x00000010   Data   RO          436    .constdata          main.o
    0x000055a4   0x000055a4   0x00000064   Data   RO         2004    .constdata          rtx_lib.o
    0x00005608   0x00005608   0x0000000e   Data   RO          437    .conststring        main.o
    0x00005616   0x00005616   0x00000002   PAD
    0x00005618   0x00005618   0x0000000b   Data   RO         1818    .conststrlit        rtx_kernel.o
    0x00005623   0x00005623   0x00000001   PAD
    0x00005624   0x00005624   0x00000068   Data   RO         2006    .rodata             rtx_lib.o
    0x0000568c   0x0000568c   0x00000020   Data   RO         3720    Region$$Table       anon$$obj.o


    Execution Region ER_RW (Exec base: 0x10000000, Load base: 0x000056ac, Size: 0x00001450, Max: 0xffffffff, ABSOLUTE, COMPRESSED[0x00000044])

    Exec Addr    Load Addr    Size         Type   Attr      Idx    E Section Name        Object

    0x10000000   COMPRESSED   0x00001040   Data   RW         1999    .bss.os             rtx_lib.o
    0x10001040   COMPRESSED   0x00000034   Data   RW         2000    .bss.os.msgqueue.cb  rtx_lib.o
    0x10001074   COMPRESSED   0x00000050   Data   RW         2001    .bss.os.msgqueue.mem  rtx_lib.o
    0x100010c4   COMPRESSED   0x00000088   Data   RW         2002    .bss.os.thread.cb   rtx_lib.o
    0x1000114c   COMPRESSED   0x00000004   PAD
    0x10001150   COMPRESSED   0x00000200   Data   RW         2003    .bss.os.thread.stack  rtx_lib.o
    0x10001350   COMPRESSED   0x00000005   Data   RW           32    .data               glcd_spi_lpc1700.o
    0x10001355   COMPRESSED   0x00000003   PAD
    0x10001358   COMPRESSED   0x00000020   Data   RW          329    .data               uart.o
    0x10001378   COMPRESSED   0x00000028   Data   RW          438    .data               main.o
    0x100013a0   COMPRESSED   0x00000001   Data   RW         3270    .data               os_systick.o
    0x100013a1   COMPRESSED   0x00000003   PAD
    0x100013a4   COMPRESSED   0x00000004   Data   RW         3377    .data               system_lpc17xx.o
    0x100013a8   COMPRESSED   0x00000004   Data   RW         3414    .data               mc_w.l(rand.o)
    0x100013ac   COMPRESSED   0x000000a4   Data   RW         1819    .data.os            rtx_kernel.o


    Execution Region ER_ZI (Exec base: 0x10001450, Load base: 0x000056f0, Size: 0x00004210, Max: 0xffffffff, ABSOLUTE)

    Exec Addr    Load Addr    Size         Type   Attr      Idx    E Section Name        Object

    0x10001450        -       0x00000080   Zero   RW          328    .bss                uart.o
    0x100014d0        -       0x00000190   Zero   RW          435    .bss                main.o
    0x10001660        -       0x00004000   Zero   RW         3362    STACK               startup_lpc17xx.o


==============================================================================

Image component sizes


      Code (inc. data)   RO Data    RW Data    ZI Data      Debug   Object Name

      2592         94       6272          5          0      33993   glcd_spi_lpc1700.o
       148         10          0          0          0        568   irq_cm3.o
      1528        286         30         40        400       8963   main.o
       142         24          0          1          0       2380   os_systick.o
        36          6          0          0          0        917   rtx_config.o
       124          4          0          0          0      19965   rtx_delay.o
       108          0          0          0          0      30671   rtx_evr.o
      1052         44         11        164          0      19708   rtx_kernel.o
         0          0        204       4940          0       8503   rtx_lib.o
       478          0          0          0          0       4099   rtx_memory.o
       564          0          0          0          0       3915   rtx_mempool.o
      2462         34          0          0          0      21760   rtx_msgqueue.o
      1070         28          0          0          0      10232   rtx_mutex.o
       804         40          0          0          0       9729   rtx_system.o
      2670        126          0          0          0      27398   rtx_thread.o
       268         28          0          0          0       3259   rtx_timer.o
        40         12        204          0      16384        956   startup_lpc17xx.o
       320         18          0          4          0        771   system_lpc17xx.o
       216         38          0         32        128       2067   uart.o

    ----------------------------------------------------------------------
     14640        792       6756       5196      16912     209854   Object Totals
         0          0         32          0          0          0   (incl. Generated)
        18          0          3         10          0          0   (incl. Padding)

    ----------------------------------------------------------------------

      Code (inc. data)   RO Data    RW Data    ZI Data      Debug   Library Member Name

        58          0          0          0          0          0   __dczerorl.o
         0          0          0          0          0          0   entry.o
         0          0          0          0          0          0   entry10a.o
         0          0          0          0          0          0   entry11a.o
         8          4          0          0          0          0   entry2.o
         4          0          0          0          0          0   entry5.o
         0          0          0          0          0          0   entry7b.o
         0          0          0          0          0          0   entry8b.o
         8          4          0          0          0          0   entry9a.o
        30          0          0          0          0          0   handlers.o
        36          8          0          0          0         68   init.o
        36          0          0          0          0         68   memcpya.o
        36          0          0          0          0        108   memseta.o
       490         10          0          0          0        252   printf3.o
        36         10          0          4          0        136   rand.o
        44          0          0          0          0         80   uidiv.o

    ----------------------------------------------------------------------
       792         36          0          4          0        712   Library Totals
         6          0          0          0          0          0   (incl. Padding)

    ----------------------------------------------------------------------

      Code (inc. data)   RO Data    RW Data    ZI Data      Debug   Library Name

       786         36          0          4          0        712   mc_w.l

    ----------------------------------------------------------------------
       792         36          0          4          0        712   Library Totals

    ----------------------------------------------------------------------

==============================================================================


      Code (inc. data)   RO Data    RW Data    ZI Data      Debug   

     15432        828       6756       5200      16912     201542   Grand Totals
     15432        828       6756         68      16912     201542   ELF Image Totals (compressed)
     15432        828       6756         68          0          0   ROM Totals

==============================================================================

    Total RO  Size (Code + RO Data)                22188 (  21.67kB)
    Total RW  Size (RW Data + ZI Data)             22112 (  21.59kB)
    Total ROM Size (Code + RO Data + RW Data)      22256 (  21.73kB)

==============================================================================

